<?xml version="1.0"?>
<link_info>
   <banner>MSP430 Linker PC v16.9.3.LTS</banner>
   <copyright>Copyright (c) 2003-2017 Texas Instruments Incorporated</copyright>
   <link_time>0x594ab829</link_time>
   <link_errors>0x0</link_errors>
   <output_file>LiFi_sender.out</output_file>
   <entry_point>
      <name>_c_int00_noargs_noexit</name>
      <address>0x4454</address>
   </entry_point>
   <input_file_list>
      <input_file id="fl-2">
         <path>.\</path>
         <kind>object</kind>
         <file>main.obj</file>
         <name>main.obj</name>
      </input_file>
      <input_file id="fl-3">
         <path>.\MSP430F5xx_6xx\</path>
         <kind>object</kind>
         <file>adc10_a.obj</file>
         <name>adc10_a.obj</name>
      </input_file>
      <input_file id="fl-4">
         <path>.\MSP430F5xx_6xx\</path>
         <kind>object</kind>
         <file>adc12_a.obj</file>
         <name>adc12_a.obj</name>
      </input_file>
      <input_file id="fl-5">
         <path>.\MSP430F5xx_6xx\</path>
         <kind>object</kind>
         <file>aes.obj</file>
         <name>aes.obj</name>
      </input_file>
      <input_file id="fl-6">
         <path>.\MSP430F5xx_6xx\</path>
         <kind>object</kind>
         <file>battbak.obj</file>
         <name>battbak.obj</name>
      </input_file>
      <input_file id="fl-7">
         <path>.\MSP430F5xx_6xx\</path>
         <kind>object</kind>
         <file>comp_b.obj</file>
         <name>comp_b.obj</name>
      </input_file>
      <input_file id="fl-8">
         <path>.\MSP430F5xx_6xx\</path>
         <kind>object</kind>
         <file>crc.obj</file>
         <name>crc.obj</name>
      </input_file>
      <input_file id="fl-9">
         <path>.\MSP430F5xx_6xx\</path>
         <kind>object</kind>
         <file>ctsd16.obj</file>
         <name>ctsd16.obj</name>
      </input_file>
      <input_file id="fl-a">
         <path>.\MSP430F5xx_6xx\</path>
         <kind>object</kind>
         <file>dac12_a.obj</file>
         <name>dac12_a.obj</name>
      </input_file>
      <input_file id="fl-b">
         <path>.\MSP430F5xx_6xx\</path>
         <kind>object</kind>
         <file>dma.obj</file>
         <name>dma.obj</name>
      </input_file>
      <input_file id="fl-c">
         <path>.\MSP430F5xx_6xx\</path>
         <kind>object</kind>
         <file>eusci_a_spi.obj</file>
         <name>eusci_a_spi.obj</name>
      </input_file>
      <input_file id="fl-d">
         <path>.\MSP430F5xx_6xx\</path>
         <kind>object</kind>
         <file>eusci_a_uart.obj</file>
         <name>eusci_a_uart.obj</name>
      </input_file>
      <input_file id="fl-e">
         <path>.\MSP430F5xx_6xx\</path>
         <kind>object</kind>
         <file>eusci_b_i2c.obj</file>
         <name>eusci_b_i2c.obj</name>
      </input_file>
      <input_file id="fl-f">
         <path>.\MSP430F5xx_6xx\</path>
         <kind>object</kind>
         <file>eusci_b_spi.obj</file>
         <name>eusci_b_spi.obj</name>
      </input_file>
      <input_file id="fl-10">
         <path>.\MSP430F5xx_6xx\</path>
         <kind>object</kind>
         <file>flashctl.obj</file>
         <name>flashctl.obj</name>
      </input_file>
      <input_file id="fl-11">
         <path>.\MSP430F5xx_6xx\</path>
         <kind>object</kind>
         <file>gpio.obj</file>
         <name>gpio.obj</name>
      </input_file>
      <input_file id="fl-12">
         <path>.\MSP430F5xx_6xx\</path>
         <kind>object</kind>
         <file>lcd_b.obj</file>
         <name>lcd_b.obj</name>
      </input_file>
      <input_file id="fl-13">
         <path>.\MSP430F5xx_6xx\</path>
         <kind>object</kind>
         <file>ldopwr.obj</file>
         <name>ldopwr.obj</name>
      </input_file>
      <input_file id="fl-14">
         <path>.\MSP430F5xx_6xx\</path>
         <kind>object</kind>
         <file>mpy32.obj</file>
         <name>mpy32.obj</name>
      </input_file>
      <input_file id="fl-15">
         <path>.\MSP430F5xx_6xx\</path>
         <kind>object</kind>
         <file>oa.obj</file>
         <name>oa.obj</name>
      </input_file>
      <input_file id="fl-16">
         <path>.\MSP430F5xx_6xx\</path>
         <kind>object</kind>
         <file>pmap.obj</file>
         <name>pmap.obj</name>
      </input_file>
      <input_file id="fl-17">
         <path>.\MSP430F5xx_6xx\</path>
         <kind>object</kind>
         <file>pmm.obj</file>
         <name>pmm.obj</name>
      </input_file>
      <input_file id="fl-18">
         <path>.\MSP430F5xx_6xx\</path>
         <kind>object</kind>
         <file>ram.obj</file>
         <name>ram.obj</name>
      </input_file>
      <input_file id="fl-19">
         <path>.\MSP430F5xx_6xx\</path>
         <kind>object</kind>
         <file>ref.obj</file>
         <name>ref.obj</name>
      </input_file>
      <input_file id="fl-1a">
         <path>.\MSP430F5xx_6xx\</path>
         <kind>object</kind>
         <file>rtc_a.obj</file>
         <name>rtc_a.obj</name>
      </input_file>
      <input_file id="fl-1b">
         <path>.\MSP430F5xx_6xx\</path>
         <kind>object</kind>
         <file>rtc_b.obj</file>
         <name>rtc_b.obj</name>
      </input_file>
      <input_file id="fl-1c">
         <path>.\MSP430F5xx_6xx\</path>
         <kind>object</kind>
         <file>rtc_c.obj</file>
         <name>rtc_c.obj</name>
      </input_file>
      <input_file id="fl-1d">
         <path>.\MSP430F5xx_6xx\</path>
         <kind>object</kind>
         <file>sd24_b.obj</file>
         <name>sd24_b.obj</name>
      </input_file>
      <input_file id="fl-1e">
         <path>.\MSP430F5xx_6xx\</path>
         <kind>object</kind>
         <file>sfr.obj</file>
         <name>sfr.obj</name>
      </input_file>
      <input_file id="fl-1f">
         <path>.\MSP430F5xx_6xx\</path>
         <kind>object</kind>
         <file>sysctl.obj</file>
         <name>sysctl.obj</name>
      </input_file>
      <input_file id="fl-20">
         <path>.\MSP430F5xx_6xx\</path>
         <kind>object</kind>
         <file>tec.obj</file>
         <name>tec.obj</name>
      </input_file>
      <input_file id="fl-21">
         <path>.\MSP430F5xx_6xx\</path>
         <kind>object</kind>
         <file>timer_a.obj</file>
         <name>timer_a.obj</name>
      </input_file>
      <input_file id="fl-22">
         <path>.\MSP430F5xx_6xx\</path>
         <kind>object</kind>
         <file>timer_b.obj</file>
         <name>timer_b.obj</name>
      </input_file>
      <input_file id="fl-23">
         <path>.\MSP430F5xx_6xx\</path>
         <kind>object</kind>
         <file>timer_d.obj</file>
         <name>timer_d.obj</name>
      </input_file>
      <input_file id="fl-24">
         <path>.\MSP430F5xx_6xx\</path>
         <kind>object</kind>
         <file>tlv.obj</file>
         <name>tlv.obj</name>
      </input_file>
      <input_file id="fl-25">
         <path>.\MSP430F5xx_6xx\</path>
         <kind>object</kind>
         <file>ucs.obj</file>
         <name>ucs.obj</name>
      </input_file>
      <input_file id="fl-26">
         <path>.\MSP430F5xx_6xx\</path>
         <kind>object</kind>
         <file>usci_a_spi.obj</file>
         <name>usci_a_spi.obj</name>
      </input_file>
      <input_file id="fl-27">
         <path>.\MSP430F5xx_6xx\</path>
         <kind>object</kind>
         <file>usci_a_uart.obj</file>
         <name>usci_a_uart.obj</name>
      </input_file>
      <input_file id="fl-28">
         <path>.\MSP430F5xx_6xx\</path>
         <kind>object</kind>
         <file>usci_b_i2c.obj</file>
         <name>usci_b_i2c.obj</name>
      </input_file>
      <input_file id="fl-29">
         <path>.\MSP430F5xx_6xx\</path>
         <kind>object</kind>
         <file>usci_b_spi.obj</file>
         <name>usci_b_spi.obj</name>
      </input_file>
      <input_file id="fl-2a">
         <path>.\MSP430F5xx_6xx\</path>
         <kind>object</kind>
         <file>wdt_a.obj</file>
         <name>wdt_a.obj</name>
      </input_file>
      <input_file id="fl-30">
         <kind>object</kind>
         <file>&lt;internal&gt;</file>
         <name>&lt;internal&gt;</name>
      </input_file>
      <input_file id="fl-4b">
         <path>C:\ti\ccsv7\tools\compiler\ti-cgt-msp430_16.9.3.LTS\lib\</path>
         <kind>archive</kind>
         <file>rts430x_lc_rd_eabi.lib</file>
         <name>boot.obj</name>
      </input_file>
      <input_file id="fl-4c">
         <path>C:\ti\ccsv7\tools\compiler\ti-cgt-msp430_16.9.3.LTS\lib\</path>
         <kind>archive</kind>
         <file>rts430x_lc_rd_eabi.lib</file>
         <name>boot_special.obj</name>
      </input_file>
      <input_file id="fl-4d">
         <path>C:\ti\ccsv7\tools\compiler\ti-cgt-msp430_16.9.3.LTS\lib\</path>
         <kind>archive</kind>
         <file>rts430x_lc_rd_eabi.lib</file>
         <name>copy_decompress_lzss.obj</name>
      </input_file>
      <input_file id="fl-4e">
         <path>C:\ti\ccsv7\tools\compiler\ti-cgt-msp430_16.9.3.LTS\lib\</path>
         <kind>archive</kind>
         <file>rts430x_lc_rd_eabi.lib</file>
         <name>copy_decompress_none.obj</name>
      </input_file>
      <input_file id="fl-4f">
         <path>C:\ti\ccsv7\tools\compiler\ti-cgt-msp430_16.9.3.LTS\lib\</path>
         <kind>archive</kind>
         <file>rts430x_lc_rd_eabi.lib</file>
         <name>copy_zero_init.obj</name>
      </input_file>
      <input_file id="fl-50">
         <path>C:\ti\ccsv7\tools\compiler\ti-cgt-msp430_16.9.3.LTS\lib\</path>
         <kind>archive</kind>
         <file>rts430x_lc_rd_eabi.lib</file>
         <name>div16s.obj</name>
      </input_file>
      <input_file id="fl-51">
         <path>C:\ti\ccsv7\tools\compiler\ti-cgt-msp430_16.9.3.LTS\lib\</path>
         <kind>archive</kind>
         <file>rts430x_lc_rd_eabi.lib</file>
         <name>div16u.obj</name>
      </input_file>
      <input_file id="fl-52">
         <path>C:\ti\ccsv7\tools\compiler\ti-cgt-msp430_16.9.3.LTS\lib\</path>
         <kind>archive</kind>
         <file>rts430x_lc_rd_eabi.lib</file>
         <name>div32s.obj</name>
      </input_file>
      <input_file id="fl-53">
         <path>C:\ti\ccsv7\tools\compiler\ti-cgt-msp430_16.9.3.LTS\lib\</path>
         <kind>archive</kind>
         <file>rts430x_lc_rd_eabi.lib</file>
         <name>div32u.obj</name>
      </input_file>
      <input_file id="fl-54">
         <path>C:\ti\ccsv7\tools\compiler\ti-cgt-msp430_16.9.3.LTS\lib\</path>
         <kind>archive</kind>
         <file>rts430x_lc_rd_eabi.lib</file>
         <name>exit.obj</name>
      </input_file>
      <input_file id="fl-55">
         <path>C:\ti\ccsv7\tools\compiler\ti-cgt-msp430_16.9.3.LTS\lib\</path>
         <kind>archive</kind>
         <file>rts430x_lc_rd_eabi.lib</file>
         <name>exit_gvars.obj</name>
      </input_file>
      <input_file id="fl-56">
         <path>C:\ti\ccsv7\tools\compiler\ti-cgt-msp430_16.9.3.LTS\lib\</path>
         <kind>archive</kind>
         <file>rts430x_lc_rd_eabi.lib</file>
         <name>fixdi.obj</name>
      </input_file>
      <input_file id="fl-57">
         <path>C:\ti\ccsv7\tools\compiler\ti-cgt-msp430_16.9.3.LTS\lib\</path>
         <kind>archive</kind>
         <file>rts430x_lc_rd_eabi.lib</file>
         <name>fixdli.obj</name>
      </input_file>
      <input_file id="fl-58">
         <path>C:\ti\ccsv7\tools\compiler\ti-cgt-msp430_16.9.3.LTS\lib\</path>
         <kind>archive</kind>
         <file>rts430x_lc_rd_eabi.lib</file>
         <name>fltid.obj</name>
      </input_file>
      <input_file id="fl-59">
         <path>C:\ti\ccsv7\tools\compiler\ti-cgt-msp430_16.9.3.LTS\lib\</path>
         <kind>archive</kind>
         <file>rts430x_lc_rd_eabi.lib</file>
         <name>fltlid.obj</name>
      </input_file>
      <input_file id="fl-5a">
         <path>C:\ti\ccsv7\tools\compiler\ti-cgt-msp430_16.9.3.LTS\lib\</path>
         <kind>archive</kind>
         <file>rts430x_lc_rd_eabi.lib</file>
         <name>int41.obj</name>
      </input_file>
      <input_file id="fl-5b">
         <path>C:\ti\ccsv7\tools\compiler\ti-cgt-msp430_16.9.3.LTS\lib\</path>
         <kind>archive</kind>
         <file>rts430x_lc_rd_eabi.lib</file>
         <name>int42.obj</name>
      </input_file>
      <input_file id="fl-5c">
         <path>C:\ti\ccsv7\tools\compiler\ti-cgt-msp430_16.9.3.LTS\lib\</path>
         <kind>archive</kind>
         <file>rts430x_lc_rd_eabi.lib</file>
         <name>int43.obj</name>
      </input_file>
      <input_file id="fl-5d">
         <path>C:\ti\ccsv7\tools\compiler\ti-cgt-msp430_16.9.3.LTS\lib\</path>
         <kind>archive</kind>
         <file>rts430x_lc_rd_eabi.lib</file>
         <name>int44.obj</name>
      </input_file>
      <input_file id="fl-5e">
         <path>C:\ti\ccsv7\tools\compiler\ti-cgt-msp430_16.9.3.LTS\lib\</path>
         <kind>archive</kind>
         <file>rts430x_lc_rd_eabi.lib</file>
         <name>int45.obj</name>
      </input_file>
      <input_file id="fl-5f">
         <path>C:\ti\ccsv7\tools\compiler\ti-cgt-msp430_16.9.3.LTS\lib\</path>
         <kind>archive</kind>
         <file>rts430x_lc_rd_eabi.lib</file>
         <name>int47.obj</name>
      </input_file>
      <input_file id="fl-60">
         <path>C:\ti\ccsv7\tools\compiler\ti-cgt-msp430_16.9.3.LTS\lib\</path>
         <kind>archive</kind>
         <file>rts430x_lc_rd_eabi.lib</file>
         <name>int48.obj</name>
      </input_file>
      <input_file id="fl-61">
         <path>C:\ti\ccsv7\tools\compiler\ti-cgt-msp430_16.9.3.LTS\lib\</path>
         <kind>archive</kind>
         <file>rts430x_lc_rd_eabi.lib</file>
         <name>int49.obj</name>
      </input_file>
      <input_file id="fl-62">
         <path>C:\ti\ccsv7\tools\compiler\ti-cgt-msp430_16.9.3.LTS\lib\</path>
         <kind>archive</kind>
         <file>rts430x_lc_rd_eabi.lib</file>
         <name>int50.obj</name>
      </input_file>
      <input_file id="fl-63">
         <path>C:\ti\ccsv7\tools\compiler\ti-cgt-msp430_16.9.3.LTS\lib\</path>
         <kind>archive</kind>
         <file>rts430x_lc_rd_eabi.lib</file>
         <name>int51.obj</name>
      </input_file>
      <input_file id="fl-64">
         <path>C:\ti\ccsv7\tools\compiler\ti-cgt-msp430_16.9.3.LTS\lib\</path>
         <kind>archive</kind>
         <file>rts430x_lc_rd_eabi.lib</file>
         <name>int52.obj</name>
      </input_file>
      <input_file id="fl-65">
         <path>C:\ti\ccsv7\tools\compiler\ti-cgt-msp430_16.9.3.LTS\lib\</path>
         <kind>archive</kind>
         <file>rts430x_lc_rd_eabi.lib</file>
         <name>int54.obj</name>
      </input_file>
      <input_file id="fl-66">
         <path>C:\ti\ccsv7\tools\compiler\ti-cgt-msp430_16.9.3.LTS\lib\</path>
         <kind>archive</kind>
         <file>rts430x_lc_rd_eabi.lib</file>
         <name>int55.obj</name>
      </input_file>
      <input_file id="fl-67">
         <path>C:\ti\ccsv7\tools\compiler\ti-cgt-msp430_16.9.3.LTS\lib\</path>
         <kind>archive</kind>
         <file>rts430x_lc_rd_eabi.lib</file>
         <name>int56.obj</name>
      </input_file>
      <input_file id="fl-68">
         <path>C:\ti\ccsv7\tools\compiler\ti-cgt-msp430_16.9.3.LTS\lib\</path>
         <kind>archive</kind>
         <file>rts430x_lc_rd_eabi.lib</file>
         <name>int57.obj</name>
      </input_file>
      <input_file id="fl-69">
         <path>C:\ti\ccsv7\tools\compiler\ti-cgt-msp430_16.9.3.LTS\lib\</path>
         <kind>archive</kind>
         <file>rts430x_lc_rd_eabi.lib</file>
         <name>int58.obj</name>
      </input_file>
      <input_file id="fl-6a">
         <path>C:\ti\ccsv7\tools\compiler\ti-cgt-msp430_16.9.3.LTS\lib\</path>
         <kind>archive</kind>
         <file>rts430x_lc_rd_eabi.lib</file>
         <name>int59.obj</name>
      </input_file>
      <input_file id="fl-6b">
         <path>C:\ti\ccsv7\tools\compiler\ti-cgt-msp430_16.9.3.LTS\lib\</path>
         <kind>archive</kind>
         <file>rts430x_lc_rd_eabi.lib</file>
         <name>int60.obj</name>
      </input_file>
      <input_file id="fl-6c">
         <path>C:\ti\ccsv7\tools\compiler\ti-cgt-msp430_16.9.3.LTS\lib\</path>
         <kind>archive</kind>
         <file>rts430x_lc_rd_eabi.lib</file>
         <name>int61.obj</name>
      </input_file>
      <input_file id="fl-6d">
         <path>C:\ti\ccsv7\tools\compiler\ti-cgt-msp430_16.9.3.LTS\lib\</path>
         <kind>archive</kind>
         <file>rts430x_lc_rd_eabi.lib</file>
         <name>int62.obj</name>
      </input_file>
      <input_file id="fl-6e">
         <path>C:\ti\ccsv7\tools\compiler\ti-cgt-msp430_16.9.3.LTS\lib\</path>
         <kind>archive</kind>
         <file>rts430x_lc_rd_eabi.lib</file>
         <name>isr_trap.obj</name>
      </input_file>
      <input_file id="fl-6f">
         <path>C:\ti\ccsv7\tools\compiler\ti-cgt-msp430_16.9.3.LTS\lib\</path>
         <kind>archive</kind>
         <file>rts430x_lc_rd_eabi.lib</file>
         <name>lsl16.obj</name>
      </input_file>
      <input_file id="fl-70">
         <path>C:\ti\ccsv7\tools\compiler\ti-cgt-msp430_16.9.3.LTS\lib\</path>
         <kind>archive</kind>
         <file>rts430x_lc_rd_eabi.lib</file>
         <name>lsl32.obj</name>
      </input_file>
      <input_file id="fl-71">
         <path>C:\ti\ccsv7\tools\compiler\ti-cgt-msp430_16.9.3.LTS\lib\</path>
         <kind>archive</kind>
         <file>rts430x_lc_rd_eabi.lib</file>
         <name>lsr16.obj</name>
      </input_file>
      <input_file id="fl-72">
         <path>C:\ti\ccsv7\tools\compiler\ti-cgt-msp430_16.9.3.LTS\lib\</path>
         <kind>archive</kind>
         <file>rts430x_lc_rd_eabi.lib</file>
         <name>lsr32.obj</name>
      </input_file>
      <input_file id="fl-73">
         <path>C:\ti\ccsv7\tools\compiler\ti-cgt-msp430_16.9.3.LTS\lib\</path>
         <kind>archive</kind>
         <file>rts430x_lc_rd_eabi.lib</file>
         <name>lsr64.obj</name>
      </input_file>
      <input_file id="fl-74">
         <path>C:\ti\ccsv7\tools\compiler\ti-cgt-msp430_16.9.3.LTS\lib\</path>
         <kind>archive</kind>
         <file>rts430x_lc_rd_eabi.lib</file>
         <name>memcpy.obj</name>
      </input_file>
      <input_file id="fl-75">
         <path>C:\ti\ccsv7\tools\compiler\ti-cgt-msp430_16.9.3.LTS\lib\</path>
         <kind>archive</kind>
         <file>rts430x_lc_rd_eabi.lib</file>
         <name>mpu_init.obj</name>
      </input_file>
      <input_file id="fl-76">
         <path>C:\ti\ccsv7\tools\compiler\ti-cgt-msp430_16.9.3.LTS\lib\</path>
         <kind>archive</kind>
         <file>rts430x_lc_rd_eabi.lib</file>
         <name>mpyd.obj</name>
      </input_file>
      <input_file id="fl-77">
         <path>C:\ti\ccsv7\tools\compiler\ti-cgt-msp430_16.9.3.LTS\lib\</path>
         <kind>archive</kind>
         <file>rts430x_lc_rd_eabi.lib</file>
         <name>mult1632_f5hw.obj</name>
      </input_file>
      <input_file id="fl-78">
         <path>C:\ti\ccsv7\tools\compiler\ti-cgt-msp430_16.9.3.LTS\lib\</path>
         <kind>archive</kind>
         <file>rts430x_lc_rd_eabi.lib</file>
         <name>mult16_f5hw.obj</name>
      </input_file>
      <input_file id="fl-79">
         <path>C:\ti\ccsv7\tools\compiler\ti-cgt-msp430_16.9.3.LTS\lib\</path>
         <kind>archive</kind>
         <file>rts430x_lc_rd_eabi.lib</file>
         <name>mult32.obj</name>
      </input_file>
      <input_file id="fl-7a">
         <path>C:\ti\ccsv7\tools\compiler\ti-cgt-msp430_16.9.3.LTS\lib\</path>
         <kind>archive</kind>
         <file>rts430x_lc_rd_eabi.lib</file>
         <name>mult3264_f5hw.obj</name>
      </input_file>
      <input_file id="fl-7b">
         <path>C:\ti\ccsv7\tools\compiler\ti-cgt-msp430_16.9.3.LTS\lib\</path>
         <kind>archive</kind>
         <file>rts430x_lc_rd_eabi.lib</file>
         <name>mult32_f5hw.obj</name>
      </input_file>
      <input_file id="fl-7c">
         <path>C:\ti\ccsv7\tools\compiler\ti-cgt-msp430_16.9.3.LTS\lib\</path>
         <kind>archive</kind>
         <file>rts430x_lc_rd_eabi.lib</file>
         <name>mult64_f5hw.obj</name>
      </input_file>
      <input_file id="fl-7d">
         <path>C:\ti\ccsv7\tools\compiler\ti-cgt-msp430_16.9.3.LTS\lib\</path>
         <kind>archive</kind>
         <file>rts430x_lc_rd_eabi.lib</file>
         <name>pre_init.obj</name>
      </input_file>
      <input_file id="fl-7e">
         <path>C:\ti\ccsv7\tools\compiler\ti-cgt-msp430_16.9.3.LTS\lib\</path>
         <kind>archive</kind>
         <file>rts430x_lc_rd_eabi.lib</file>
         <name>s_round.obj</name>
      </input_file>
      <input_file id="fl-7f">
         <path>C:\ti\ccsv7\tools\compiler\ti-cgt-msp430_16.9.3.LTS\lib\</path>
         <kind>archive</kind>
         <file>rts430x_lc_rd_eabi.lib</file>
         <name>subd.obj</name>
      </input_file>
      <input_file id="fl-80">
         <path>C:\ti\ccsv7\tools\compiler\ti-cgt-msp430_16.9.3.LTS\lib\</path>
         <kind>archive</kind>
         <file>rts430x_lc_rd_eabi.lib</file>
         <name>_lock.obj</name>
      </input_file>
      <input_file id="fl-81">
         <path>C:\ti\ccsv7\tools\compiler\ti-cgt-msp430_16.9.3.LTS\lib\</path>
         <kind>archive</kind>
         <file>rts430x_lc_rd_eabi.lib</file>
         <name>addd.obj</name>
      </input_file>
      <input_file id="fl-82">
         <path>C:\ti\ccsv7\tools\compiler\ti-cgt-msp430_16.9.3.LTS\lib\</path>
         <kind>archive</kind>
         <file>rts430x_lc_rd_eabi.lib</file>
         <name>args_main.obj</name>
      </input_file>
      <input_file id="fl-83">
         <path>C:\ti\ccsv7\tools\compiler\ti-cgt-msp430_16.9.3.LTS\lib\</path>
         <kind>archive</kind>
         <file>rts430x_lc_rd_eabi.lib</file>
         <name>autoinit_wdt.obj</name>
      </input_file>
      <input_file id="fl-84">
         <path>C:\ti\ccsv7\tools\compiler\ti-cgt-msp430_16.9.3.LTS\lib\</path>
         <kind>archive</kind>
         <file>rts430x_lc_rd_eabi.lib</file>
         <name>cmpd.obj</name>
      </input_file>
      <input_file id="fl-85">
         <path>C:\ti\ccsv7\tools\compiler\ti-cgt-msp430_16.9.3.LTS\lib\</path>
         <kind>archive</kind>
         <file>rts430x_lc_rd_eabi.lib</file>
         <name>cpy_tbl.obj</name>
      </input_file>
      <input_file id="fl-86">
         <path>C:\ti\ccsv7\tools\compiler\ti-cgt-msp430_16.9.3.LTS\lib\</path>
         <kind>archive</kind>
         <file>rts430x_lc_rd_eabi.lib</file>
         <name>frcaddd.obj</name>
      </input_file>
      <input_file id="fl-87">
         <path>C:\ti\ccsv7\tools\compiler\ti-cgt-msp430_16.9.3.LTS\lib\</path>
         <kind>archive</kind>
         <file>rts430x_lc_rd_eabi.lib</file>
         <name>frcmpyd.obj</name>
      </input_file>
      <input_file id="fl-88">
         <path>C:\ti\ccsv7\tools\compiler\ti-cgt-msp430_16.9.3.LTS\lib\</path>
         <kind>archive</kind>
         <file>rts430x_lc_rd_eabi.lib</file>
         <name>mult16.obj</name>
      </input_file>
      <input_file id="fl-89">
         <path>C:\ti\ccsv7\tools\compiler\ti-cgt-msp430_16.9.3.LTS\lib\</path>
         <kind>archive</kind>
         <file>rts430x_lc_rd_eabi.lib</file>
         <name>negd.obj</name>
      </input_file>
      <input_file id="fl-8a">
         <path>C:\ti\ccsv7\tools\compiler\ti-cgt-msp430_16.9.3.LTS\lib\</path>
         <kind>archive</kind>
         <file>rts430x_lc_rd_eabi.lib</file>
         <name>renormd.obj</name>
      </input_file>
      <input_file id="fl-8b">
         <path>C:\ti\ccsv7\tools\compiler\ti-cgt-msp430_16.9.3.LTS\lib\</path>
         <kind>archive</kind>
         <file>rts430x_lc_rd_eabi.lib</file>
         <name>s_floor.obj</name>
      </input_file>
      <input_file id="fl-8c">
         <path>C:\ti\ccsv7\tools\compiler\ti-cgt-msp430_16.9.3.LTS\lib\</path>
         <kind>archive</kind>
         <file>rts430x_lc_rd_eabi.lib</file>
         <name>startup.obj</name>
      </input_file>
      <input_file id="fl-8d">
         <path>C:\ti\ccsv7\tools\compiler\ti-cgt-msp430_16.9.3.LTS\lib\</path>
         <kind>archive</kind>
         <file>rts430x_lc_rd_eabi.lib</file>
         <name>asr32.obj</name>
      </input_file>
   </input_file_list>
   <object_component_list>
      <object_component id="oc-550">
         <name>.common:crcTable</name>
         <uninitialized>true</uninitialized>
         <run_address>0x2400</run_address>
         <size>0x100</size>
      </object_component>
      <object_component id="oc-43f">
         <name>.common:buffer_pos</name>
         <uninitialized>true</uninitialized>
         <run_address>0x2524</run_address>
         <size>0x2</size>
      </object_component>
      <object_component id="oc-440">
         <name>.common:buffer</name>
         <uninitialized>true</uninitialized>
         <run_address>0x2500</run_address>
         <size>0x20</size>
      </object_component>
      <object_component id="oc-43c">
         <name>.common:data_received</name>
         <uninitialized>true</uninitialized>
         <run_address>0x2526</run_address>
         <size>0x2</size>
      </object_component>
      <object_component id="oc-4a8">
         <name>.common:timer_active</name>
         <uninitialized>true</uninitialized>
         <run_address>0x252a</run_address>
         <size>0x2</size>
      </object_component>
      <object_component id="oc-442">
         <name>.common:sending</name>
         <uninitialized>true</uninitialized>
         <run_address>0x2528</run_address>
         <size>0x2</size>
      </object_component>
      <object_component id="oc-486">
         <name>.common:smclk</name>
         <uninitialized>true</uninitialized>
         <run_address>0x2520</run_address>
         <size>0x4</size>
      </object_component>
      <object_component id="oc-487">
         <name>.data</name>
         <load_address>0x2534</load_address>
         <run_address>0x2534</run_address>
         <size>0x6</size>
         <input_file_ref idref="fl-2"/>
      </object_component>
      <object_component id="oc-575">
         <name>.data</name>
         <load_address>0x252c</load_address>
         <run_address>0x252c</run_address>
         <size>0x8</size>
         <input_file_ref idref="fl-25"/>
      </object_component>
      <object_component id="oc-3bd">
         <name>.stack</name>
         <uninitialized>true</uninitialized>
         <run_address>0x4360</run_address>
         <size>0x4</size>
         <input_file_ref idref="fl-4b"/>
      </object_component>
      <object_component id="oc-662">
         <name>.stack</name>
         <uninitialized>true</uninitialized>
         <run_address>0x4360</run_address>
         <size>0x0</size>
      </object_component>
      <object_component id="oc-528">
         <name>.text:__mspabi_addd</name>
         <load_address>0x10000</load_address>
         <run_address>0x10000</run_address>
         <size>0x2d8</size>
         <input_file_ref idref="fl-81"/>
      </object_component>
      <object_component id="oc-52f">
         <name>.text:__TI_frcmpyd</name>
         <load_address>0x102d8</load_address>
         <run_address>0x102d8</run_address>
         <size>0x286</size>
         <input_file_ref idref="fl-87"/>
      </object_component>
      <object_component id="oc-49c">
         <name>.text:__mspabi_mpyd</name>
         <load_address>0x1055e</load_address>
         <run_address>0x1055e</run_address>
         <size>0x282</size>
         <input_file_ref idref="fl-76"/>
      </object_component>
      <object_component id="oc-59b">
         <name>.text:__TI_frcaddd</name>
         <load_address>0x107e0</load_address>
         <run_address>0x107e0</run_address>
         <size>0x252</size>
         <input_file_ref idref="fl-86"/>
      </object_component>
      <object_component id="oc-548">
         <name>.text:floor</name>
         <load_address>0x10a32</load_address>
         <run_address>0x10a32</run_address>
         <size>0x1ce</size>
         <input_file_ref idref="fl-8b"/>
      </object_component>
      <object_component id="oc-411">
         <name>.text:main</name>
         <load_address>0x10c00</load_address>
         <run_address>0x10c00</run_address>
         <size>0x14c</size>
         <input_file_ref idref="fl-2"/>
      </object_component>
      <object_component id="oc-57d">
         <name>.text:privateUCSSourceClockFromDCO</name>
         <load_address>0x10d4c</load_address>
         <run_address>0x10d4c</run_address>
         <size>0x108</size>
         <input_file_ref idref="fl-25"/>
      </object_component>
      <object_component id="oc-4a2">
         <name>.text:round</name>
         <load_address>0x10e54</load_address>
         <run_address>0x10e54</run_address>
         <size>0x106</size>
         <input_file_ref idref="fl-7e"/>
      </object_component>
      <object_component id="oc-509">
         <name>.text:UCS_initFLL</name>
         <load_address>0x10f5a</load_address>
         <run_address>0x10f5a</run_address>
         <size>0xe2</size>
         <input_file_ref idref="fl-25"/>
      </object_component>
      <object_component id="oc-4fc">
         <name>.text:PMM_setVCoreUp</name>
         <load_address>0x1103c</load_address>
         <run_address>0x1103c</run_address>
         <size>0xe0</size>
         <input_file_ref idref="fl-17"/>
      </object_component>
      <object_component id="oc-511">
         <name>.text:privateUCSComputeCLKFrequency</name>
         <load_address>0x1111c</load_address>
         <run_address>0x1111c</run_address>
         <size>0xde</size>
         <input_file_ref idref="fl-25"/>
      </object_component>
      <object_component id="oc-53c">
         <name>.text:__mspabi_cmpd</name>
         <load_address>0x111fa</load_address>
         <run_address>0x111fa</run_address>
         <size>0xd8</size>
         <input_file_ref idref="fl-84"/>
      </object_component>
      <object_component id="oc-4af">
         <name>.text:sendPacket</name>
         <load_address>0x112d2</load_address>
         <run_address>0x112d2</run_address>
         <size>0xd8</size>
         <input_file_ref idref="fl-2"/>
      </object_component>
      <object_component id="oc-5dd">
         <name>.text:__TI_renormd</name>
         <load_address>0x113aa</load_address>
         <run_address>0x113aa</run_address>
         <size>0xb2</size>
         <input_file_ref idref="fl-8a"/>
      </object_component>
      <object_component id="oc-46e">
         <name>.text:UCS_initClockSignal</name>
         <load_address>0x1145c</load_address>
         <run_address>0x1145c</run_address>
         <size>0xa6</size>
         <input_file_ref idref="fl-25"/>
      </object_component>
      <object_component id="oc-502">
         <name>.text:PMM_setVCoreDown</name>
         <load_address>0x11502</load_address>
         <run_address>0x11502</run_address>
         <size>0xa2</size>
         <input_file_ref idref="fl-17"/>
      </object_component>
      <object_component id="oc-521">
         <name>.text:__mspabi_fltlid</name>
         <load_address>0x115a4</load_address>
         <run_address>0x115a4</run_address>
         <size>0x9e</size>
         <input_file_ref idref="fl-59"/>
      </object_component>
      <object_component id="oc-3f7">
         <name>.text:_auto_init_hold_wdt</name>
         <load_address>0x11642</load_address>
         <run_address>0x11642</run_address>
         <size>0x82</size>
         <input_file_ref idref="fl-83"/>
      </object_component>
      <object_component id="oc-6d">
         <name>.text:decompress:lzss:__TI_decompress_lzss</name>
         <load_address>0x116c4</load_address>
         <run_address>0x116c4</run_address>
         <size>0x78</size>
         <input_file_ref idref="fl-4d"/>
      </object_component>
      <object_component id="oc-51a">
         <name>.text:__mspabi_fixdli</name>
         <load_address>0x1173c</load_address>
         <run_address>0x1173c</run_address>
         <size>0x66</size>
         <input_file_ref idref="fl-57"/>
      </object_component>
      <object_component id="oc-447">
         <name>.text:copy_in</name>
         <load_address>0x117a2</load_address>
         <run_address>0x117a2</run_address>
         <size>0x66</size>
         <input_file_ref idref="fl-85"/>
      </object_component>
      <object_component id="oc-578">
         <name>.text</name>
         <load_address>0x11808</load_address>
         <run_address>0x11808</run_address>
         <size>0x58</size>
         <input_file_ref idref="fl-53"/>
      </object_component>
      <object_component id="oc-474">
         <name>.text:PMM_setVCore</name>
         <load_address>0x11860</load_address>
         <run_address>0x11860</run_address>
         <size>0x40</size>
         <input_file_ref idref="fl-17"/>
      </object_component>
      <object_component id="oc-583">
         <name>.text</name>
         <load_address>0x118a0</load_address>
         <run_address>0x118a0</run_address>
         <size>0x40</size>
         <input_file_ref idref="fl-52"/>
      </object_component>
      <object_component id="oc-5a8">
         <name>.text:l_asr_const</name>
         <load_address>0x118e0</load_address>
         <run_address>0x118e0</run_address>
         <size>0x3e</size>
         <input_file_ref idref="fl-8d"/>
      </object_component>
      <object_component id="oc-58e">
         <name>.text:l_lsl_const</name>
         <load_address>0x1191e</load_address>
         <run_address>0x1191e</run_address>
         <size>0x3e</size>
         <input_file_ref idref="fl-70"/>
      </object_component>
      <object_component id="oc-552">
         <name>.text:l_lsr_const</name>
         <load_address>0x1195c</load_address>
         <run_address>0x1195c</run_address>
         <size>0x3e</size>
         <input_file_ref idref="fl-72"/>
      </object_component>
      <object_component id="oc-47a">
         <name>.text:UCS_initFLLSettle</name>
         <load_address>0x1199a</load_address>
         <run_address>0x1199a</run_address>
         <size>0x36</size>
         <input_file_ref idref="fl-25"/>
      </object_component>
      <object_component id="oc-4a9">
         <name>.text:crcInit</name>
         <load_address>0x119d0</load_address>
         <run_address>0x119d0</run_address>
         <size>0x34</size>
         <input_file_ref idref="fl-2"/>
      </object_component>
      <object_component id="oc-496">
         <name>.text:__mspabi_subd</name>
         <load_address>0x11a04</load_address>
         <run_address>0x11a04</run_address>
         <size>0x32</size>
         <input_file_ref idref="fl-7f"/>
      </object_component>
      <object_component id="oc-542">
         <name>.text:__mspabi_negd</name>
         <load_address>0x11a36</load_address>
         <run_address>0x11a36</run_address>
         <size>0x2e</size>
         <input_file_ref idref="fl-89"/>
      </object_component>
      <object_component id="oc-588">
         <name>.text</name>
         <load_address>0x11a64</load_address>
         <run_address>0x11a64</run_address>
         <size>0x2c</size>
         <input_file_ref idref="fl-50"/>
      </object_component>
      <object_component id="oc-48a">
         <name>.text:__mspabi_fixdi</name>
         <load_address>0x11a90</load_address>
         <run_address>0x11a90</run_address>
         <size>0x28</size>
         <input_file_ref idref="fl-56"/>
      </object_component>
      <object_component id="oc-55c">
         <name>.text:crcFast</name>
         <load_address>0x11ab8</load_address>
         <run_address>0x11ab8</run_address>
         <size>0x28</size>
         <input_file_ref idref="fl-2"/>
      </object_component>
      <object_component id="oc-8f">
         <name>.text:decompress:ZI:__TI_zero_init</name>
         <load_address>0x11ae0</load_address>
         <run_address>0x11ae0</run_address>
         <size>0x24</size>
         <input_file_ref idref="fl-4f"/>
      </object_component>
      <object_component id="oc-5a3">
         <name>.text</name>
         <load_address>0x11b04</load_address>
         <run_address>0x11b04</run_address>
         <size>0x24</size>
         <input_file_ref idref="fl-7b"/>
      </object_component>
      <object_component id="oc-480">
         <name>.text:UCS_getSMCLK</name>
         <load_address>0x11b28</load_address>
         <run_address>0x11b28</run_address>
         <size>0x1a</size>
         <input_file_ref idref="fl-25"/>
      </object_component>
      <object_component id="oc-4cc">
         <name>.text</name>
         <load_address>0x11b42</load_address>
         <run_address>0x11b42</run_address>
         <size>0x18</size>
         <input_file_ref idref="fl-78"/>
      </object_component>
      <object_component id="oc-5ce">
         <name>.text</name>
         <load_address>0x11b5a</load_address>
         <run_address>0x11b5a</run_address>
         <size>0x16</size>
         <input_file_ref idref="fl-51"/>
      </object_component>
      <object_component id="oc-3cc">
         <name>.text:memcpy</name>
         <load_address>0x11b70</load_address>
         <run_address>0x11b70</run_address>
         <size>0x14</size>
         <input_file_ref idref="fl-74"/>
      </object_component>
      <object_component id="oc-73">
         <name>.text:decompress:none:__TI_decompress_none</name>
         <load_address>0x11b84</load_address>
         <run_address>0x11b84</run_address>
         <size>0x12</size>
         <input_file_ref idref="fl-4e"/>
      </object_component>
      <object_component id="oc-5b8">
         <name>.text:l_asr</name>
         <load_address>0x11b96</load_address>
         <run_address>0x11b96</run_address>
         <size>0x10</size>
         <input_file_ref idref="fl-8d"/>
      </object_component>
      <object_component id="oc-5d8">
         <name>.text:l_lsl</name>
         <load_address>0x11ba6</load_address>
         <run_address>0x11ba6</run_address>
         <size>0x10</size>
         <input_file_ref idref="fl-70"/>
      </object_component>
      <object_component id="oc-593">
         <name>.text:l_lsr</name>
         <load_address>0x11bb6</load_address>
         <run_address>0x11bb6</run_address>
         <size>0x10</size>
         <input_file_ref idref="fl-72"/>
      </object_component>
      <object_component id="oc-490">
         <name>.text:__mspabi_fltid</name>
         <load_address>0x11bc6</load_address>
         <run_address>0x11bc6</run_address>
         <size>0xc</size>
         <input_file_ref idref="fl-58"/>
      </object_component>
      <object_component id="oc-5b3">
         <name>.text</name>
         <load_address>0x11bd2</load_address>
         <run_address>0x11bd2</run_address>
         <size>0xa</size>
         <input_file_ref idref="fl-6f"/>
      </object_component>
      <object_component id="oc-557">
         <name>.text</name>
         <load_address>0x11bdc</load_address>
         <run_address>0x11bdc</run_address>
         <size>0xa</size>
         <input_file_ref idref="fl-71"/>
      </object_component>
      <object_component id="oc-419">
         <name>.text:abort</name>
         <load_address>0x11be6</load_address>
         <run_address>0x11be6</run_address>
         <size>0x6</size>
         <input_file_ref idref="fl-54"/>
      </object_component>
      <object_component id="oc-3f1">
         <name>.text:_system_pre_init</name>
         <load_address>0x11bec</load_address>
         <run_address>0x11bec</run_address>
         <size>0x4</size>
         <input_file_ref idref="fl-7d"/>
      </object_component>
      <object_component id="oc-44d">
         <name>.text:_system_post_cinit</name>
         <load_address>0x11bf0</load_address>
         <run_address>0x11bf0</run_address>
         <size>0x2</size>
         <input_file_ref idref="fl-8c"/>
      </object_component>
      <object_component id="oc-3de">
         <name>.text:_isr:USCI_A1_ISR</name>
         <load_address>0x4400</load_address>
         <run_address>0x4400</run_address>
         <size>0x38</size>
         <input_file_ref idref="fl-2"/>
      </object_component>
      <object_component id="oc-3e4">
         <name>.text:_isr:TIMER0_A0_ISR</name>
         <load_address>0x4438</load_address>
         <run_address>0x4438</run_address>
         <size>0x1c</size>
         <input_file_ref idref="fl-2"/>
      </object_component>
      <object_component id="oc-ad">
         <name>.text:_isr:_c_int00_noargs_noexit</name>
         <load_address>0x4454</load_address>
         <run_address>0x4454</run_address>
         <size>0x1a</size>
         <input_file_ref idref="fl-4c"/>
      </object_component>
      <object_component id="oc-3d9">
         <name>.text:_isr:__TI_ISR_TRAP</name>
         <load_address>0x446e</load_address>
         <run_address>0x446e</run_address>
         <size>0x8</size>
         <input_file_ref idref="fl-6e"/>
      </object_component>
      <object_component id="oc-65e">
         <name>__TI_handler_table</name>
         <load_address>0x4476</load_address>
         <run_address>0x4476</run_address>
         <size>0xc</size>
      </object_component>
      <object_component id="oc-661">
         <name>.cinit..data.load</name>
         <load_address>0x4482</load_address>
         <run_address>0x4482</run_address>
         <size>0x7</size>
      </object_component>
      <object_component id="oc-660">
         <name>.cinit..bss.load</name>
         <load_address>0x448a</load_address>
         <run_address>0x448a</run_address>
         <size>0x6</size>
      </object_component>
      <object_component id="oc-65f">
         <name>__TI_cinit_table</name>
         <load_address>0x4490</load_address>
         <run_address>0x4490</run_address>
         <size>0x10</size>
      </object_component>
      <object_component id="oc-5f8">
         <name>.binit</name>
         <load_address>0x4400</load_address>
         <run_address>0x4400</run_address>
         <size>0x0</size>
      </object_component>
      <object_component id="oc-79">
         <name>.int41</name>
         <load_address>0xffd2</load_address>
         <run_address>0xffd2</run_address>
         <size>0x2</size>
         <input_file_ref idref="fl-5a"/>
      </object_component>
      <object_component id="oc-7a">
         <name>.int42</name>
         <load_address>0xffd4</load_address>
         <run_address>0xffd4</run_address>
         <size>0x2</size>
         <input_file_ref idref="fl-5b"/>
      </object_component>
      <object_component id="oc-7b">
         <name>.int43</name>
         <load_address>0xffd6</load_address>
         <run_address>0xffd6</run_address>
         <size>0x2</size>
         <input_file_ref idref="fl-5c"/>
      </object_component>
      <object_component id="oc-7c">
         <name>.int44</name>
         <load_address>0xffd8</load_address>
         <run_address>0xffd8</run_address>
         <size>0x2</size>
         <input_file_ref idref="fl-5d"/>
      </object_component>
      <object_component id="oc-7d">
         <name>.int45</name>
         <load_address>0xffda</load_address>
         <run_address>0xffda</run_address>
         <size>0x2</size>
         <input_file_ref idref="fl-5e"/>
      </object_component>
      <object_component id="oc-7e">
         <name>.int46</name>
         <load_address>0xffdc</load_address>
         <run_address>0xffdc</run_address>
         <size>0x2</size>
         <input_file_ref idref="fl-2"/>
      </object_component>
      <object_component id="oc-7f">
         <name>.int47</name>
         <load_address>0xffde</load_address>
         <run_address>0xffde</run_address>
         <size>0x2</size>
         <input_file_ref idref="fl-5f"/>
      </object_component>
      <object_component id="oc-80">
         <name>.int48</name>
         <load_address>0xffe0</load_address>
         <run_address>0xffe0</run_address>
         <size>0x2</size>
         <input_file_ref idref="fl-60"/>
      </object_component>
      <object_component id="oc-81">
         <name>.int49</name>
         <load_address>0xffe2</load_address>
         <run_address>0xffe2</run_address>
         <size>0x2</size>
         <input_file_ref idref="fl-61"/>
      </object_component>
      <object_component id="oc-82">
         <name>.int50</name>
         <load_address>0xffe4</load_address>
         <run_address>0xffe4</run_address>
         <size>0x2</size>
         <input_file_ref idref="fl-62"/>
      </object_component>
      <object_component id="oc-83">
         <name>.int51</name>
         <load_address>0xffe6</load_address>
         <run_address>0xffe6</run_address>
         <size>0x2</size>
         <input_file_ref idref="fl-63"/>
      </object_component>
      <object_component id="oc-84">
         <name>.int52</name>
         <load_address>0xffe8</load_address>
         <run_address>0xffe8</run_address>
         <size>0x2</size>
         <input_file_ref idref="fl-64"/>
      </object_component>
      <object_component id="oc-85">
         <name>.int53</name>
         <load_address>0xffea</load_address>
         <run_address>0xffea</run_address>
         <size>0x2</size>
         <input_file_ref idref="fl-2"/>
      </object_component>
      <object_component id="oc-86">
         <name>.int54</name>
         <load_address>0xffec</load_address>
         <run_address>0xffec</run_address>
         <size>0x2</size>
         <input_file_ref idref="fl-65"/>
      </object_component>
      <object_component id="oc-87">
         <name>.int55</name>
         <load_address>0xffee</load_address>
         <run_address>0xffee</run_address>
         <size>0x2</size>
         <input_file_ref idref="fl-66"/>
      </object_component>
      <object_component id="oc-88">
         <name>.int56</name>
         <load_address>0xfff0</load_address>
         <run_address>0xfff0</run_address>
         <size>0x2</size>
         <input_file_ref idref="fl-67"/>
      </object_component>
      <object_component id="oc-89">
         <name>.int57</name>
         <load_address>0xfff2</load_address>
         <run_address>0xfff2</run_address>
         <size>0x2</size>
         <input_file_ref idref="fl-68"/>
      </object_component>
      <object_component id="oc-8a">
         <name>.int58</name>
         <load_address>0xfff4</load_address>
         <run_address>0xfff4</run_address>
         <size>0x2</size>
         <input_file_ref idref="fl-69"/>
      </object_component>
      <object_component id="oc-8b">
         <name>.int59</name>
         <load_address>0xfff6</load_address>
         <run_address>0xfff6</run_address>
         <size>0x2</size>
         <input_file_ref idref="fl-6a"/>
      </object_component>
      <object_component id="oc-8c">
         <name>.int60</name>
         <load_address>0xfff8</load_address>
         <run_address>0xfff8</run_address>
         <size>0x2</size>
         <input_file_ref idref="fl-6b"/>
      </object_component>
      <object_component id="oc-8d">
         <name>.int61</name>
         <load_address>0xfffa</load_address>
         <run_address>0xfffa</run_address>
         <size>0x2</size>
         <input_file_ref idref="fl-6c"/>
      </object_component>
      <object_component id="oc-8e">
         <name>.int62</name>
         <load_address>0xfffc</load_address>
         <run_address>0xfffc</run_address>
         <size>0x2</size>
         <input_file_ref idref="fl-6d"/>
      </object_component>
      <object_component id="oc-3c0">
         <name>.reset</name>
         <load_address>0xfffe</load_address>
         <run_address>0xfffe</run_address>
         <size>0x2</size>
         <input_file_ref idref="fl-4b"/>
      </object_component>
      <object_component id="oc-43d">
         <name>.debug_info</name>
         <load_address>0x0</load_address>
         <run_address>0x0</run_address>
         <size>0x834</size>
         <input_file_ref idref="fl-2"/>
      </object_component>
      <object_component id="oc-488">
         <name>.debug_info</name>
         <load_address>0x834</load_address>
         <run_address>0x834</run_address>
         <size>0x105</size>
         <input_file_ref idref="fl-2"/>
      </object_component>
      <object_component id="oc-412">
         <name>.debug_info</name>
         <load_address>0x939</load_address>
         <run_address>0x939</run_address>
         <size>0x23e</size>
         <input_file_ref idref="fl-2"/>
      </object_component>
      <object_component id="oc-3df">
         <name>.debug_info</name>
         <load_address>0xb77</load_address>
         <run_address>0xb77</run_address>
         <size>0x11d</size>
         <input_file_ref idref="fl-2"/>
      </object_component>
      <object_component id="oc-3e5">
         <name>.debug_info</name>
         <load_address>0xc94</load_address>
         <run_address>0xc94</run_address>
         <size>0x121</size>
         <input_file_ref idref="fl-2"/>
      </object_component>
      <object_component id="oc-4b0">
         <name>.debug_info</name>
         <load_address>0xdb5</load_address>
         <run_address>0xdb5</run_address>
         <size>0x17f</size>
         <input_file_ref idref="fl-2"/>
      </object_component>
      <object_component id="oc-4aa">
         <name>.debug_info</name>
         <load_address>0xf34</load_address>
         <run_address>0xf34</run_address>
         <size>0x158</size>
         <input_file_ref idref="fl-2"/>
      </object_component>
      <object_component id="oc-55d">
         <name>.debug_info</name>
         <load_address>0x108c</load_address>
         <run_address>0x108c</run_address>
         <size>0x1b0</size>
         <input_file_ref idref="fl-2"/>
      </object_component>
      <object_component id="oc-4b6">
         <name>.debug_info</name>
         <load_address>0x123c</load_address>
         <run_address>0x123c</run_address>
         <size>0x8b</size>
         <input_file_ref idref="fl-2"/>
      </object_component>
      <object_component id="oc-4c2">
         <name>.debug_info</name>
         <load_address>0x12c7</load_address>
         <run_address>0x12c7</run_address>
         <size>0x18b</size>
         <input_file_ref idref="fl-2"/>
      </object_component>
      <object_component id="oc-4c7">
         <name>.debug_info</name>
         <load_address>0x1452</load_address>
         <run_address>0x1452</run_address>
         <size>0x2c</size>
         <input_file_ref idref="fl-2"/>
      </object_component>
      <object_component id="oc-3c7">
         <name>.debug_info</name>
         <load_address>0x147e</load_address>
         <run_address>0x147e</run_address>
         <size>0x84</size>
         <input_file_ref idref="fl-3"/>
      </object_component>
      <object_component id="oc-4fd">
         <name>.debug_info</name>
         <load_address>0x1502</load_address>
         <run_address>0x1502</run_address>
         <size>0x1f4</size>
         <input_file_ref idref="fl-17"/>
      </object_component>
      <object_component id="oc-503">
         <name>.debug_info</name>
         <load_address>0x16f6</load_address>
         <run_address>0x16f6</run_address>
         <size>0x1f8</size>
         <input_file_ref idref="fl-17"/>
      </object_component>
      <object_component id="oc-475">
         <name>.debug_info</name>
         <load_address>0x18ee</load_address>
         <run_address>0x18ee</run_address>
         <size>0x1cf</size>
         <input_file_ref idref="fl-17"/>
      </object_component>
      <object_component id="oc-510">
         <name>.debug_info</name>
         <load_address>0x1abd</load_address>
         <run_address>0x1abd</run_address>
         <size>0x229</size>
         <input_file_ref idref="fl-25"/>
      </object_component>
      <object_component id="oc-576">
         <name>.debug_info</name>
         <load_address>0x1ce6</load_address>
         <run_address>0x1ce6</run_address>
         <size>0x159</size>
         <input_file_ref idref="fl-25"/>
      </object_component>
      <object_component id="oc-57e">
         <name>.debug_info</name>
         <load_address>0x1e3f</load_address>
         <run_address>0x1e3f</run_address>
         <size>0x29b</size>
         <input_file_ref idref="fl-25"/>
      </object_component>
      <object_component id="oc-512">
         <name>.debug_info</name>
         <load_address>0x20da</load_address>
         <run_address>0x20da</run_address>
         <size>0x310</size>
         <input_file_ref idref="fl-25"/>
      </object_component>
      <object_component id="oc-46f">
         <name>.debug_info</name>
         <load_address>0x23ea</load_address>
         <run_address>0x23ea</run_address>
         <size>0x260</size>
         <input_file_ref idref="fl-25"/>
      </object_component>
      <object_component id="oc-47b">
         <name>.debug_info</name>
         <load_address>0x264a</load_address>
         <run_address>0x264a</run_address>
         <size>0x1b0</size>
         <input_file_ref idref="fl-25"/>
      </object_component>
      <object_component id="oc-50a">
         <name>.debug_info</name>
         <load_address>0x27fa</load_address>
         <run_address>0x27fa</run_address>
         <size>0x1ee</size>
         <input_file_ref idref="fl-25"/>
      </object_component>
      <object_component id="oc-481">
         <name>.debug_info</name>
         <load_address>0x29e8</load_address>
         <run_address>0x29e8</run_address>
         <size>0x1bf</size>
         <input_file_ref idref="fl-25"/>
      </object_component>
      <object_component id="oc-3be">
         <name>.debug_info</name>
         <load_address>0x2ba7</load_address>
         <run_address>0x2ba7</run_address>
         <size>0xf5</size>
         <input_file_ref idref="fl-4b"/>
      </object_component>
      <object_component id="oc-ae">
         <name>.debug_info</name>
         <load_address>0x2c9c</load_address>
         <run_address>0x2c9c</run_address>
         <size>0x196</size>
         <input_file_ref idref="fl-4c"/>
      </object_component>
      <object_component id="oc-42c">
         <name>.debug_info</name>
         <load_address>0x2e32</load_address>
         <run_address>0x2e32</run_address>
         <size>0x170</size>
         <input_file_ref idref="fl-4d"/>
      </object_component>
      <object_component id="oc-71">
         <name>.debug_info</name>
         <load_address>0x2fa2</load_address>
         <run_address>0x2fa2</run_address>
         <size>0x245</size>
         <input_file_ref idref="fl-4d"/>
      </object_component>
      <object_component id="oc-3c2">
         <name>.debug_info</name>
         <load_address>0x31e7</load_address>
         <run_address>0x31e7</run_address>
         <size>0x60</size>
         <input_file_ref idref="fl-4d"/>
      </object_component>
      <object_component id="oc-427">
         <name>.debug_info</name>
         <load_address>0x3247</load_address>
         <run_address>0x3247</run_address>
         <size>0x46</size>
         <input_file_ref idref="fl-4d"/>
      </object_component>
      <object_component id="oc-3d8">
         <name>.debug_info</name>
         <load_address>0x328d</load_address>
         <run_address>0x328d</run_address>
         <size>0x1c6</size>
         <input_file_ref idref="fl-4e"/>
      </object_component>
      <object_component id="oc-76">
         <name>.debug_info</name>
         <load_address>0x3453</load_address>
         <run_address>0x3453</run_address>
         <size>0x1c8</size>
         <input_file_ref idref="fl-4e"/>
      </object_component>
      <object_component id="oc-3d3">
         <name>.debug_info</name>
         <load_address>0x361b</load_address>
         <run_address>0x361b</run_address>
         <size>0x46</size>
         <input_file_ref idref="fl-4e"/>
      </object_component>
      <object_component id="oc-436">
         <name>.debug_info</name>
         <load_address>0x3661</load_address>
         <run_address>0x3661</run_address>
         <size>0x2c</size>
         <input_file_ref idref="fl-4e"/>
      </object_component>
      <object_component id="oc-3f0">
         <name>.debug_info</name>
         <load_address>0x368d</load_address>
         <run_address>0x368d</run_address>
         <size>0x174</size>
         <input_file_ref idref="fl-4f"/>
      </object_component>
      <object_component id="oc-91">
         <name>.debug_info</name>
         <load_address>0x3801</load_address>
         <run_address>0x3801</run_address>
         <size>0x1ba</size>
         <input_file_ref idref="fl-4f"/>
      </object_component>
      <object_component id="oc-3eb">
         <name>.debug_info</name>
         <load_address>0x39bb</load_address>
         <run_address>0x39bb</run_address>
         <size>0x46</size>
         <input_file_ref idref="fl-4f"/>
      </object_component>
      <object_component id="oc-58a">
         <name>.debug_info</name>
         <load_address>0x3a01</load_address>
         <run_address>0x3a01</run_address>
         <size>0x12d</size>
         <input_file_ref idref="fl-50"/>
      </object_component>
      <object_component id="oc-5cf">
         <name>.debug_info</name>
         <load_address>0x3b2e</load_address>
         <run_address>0x3b2e</run_address>
         <size>0x119</size>
         <input_file_ref idref="fl-51"/>
      </object_component>
      <object_component id="oc-585">
         <name>.debug_info</name>
         <load_address>0x3c47</load_address>
         <run_address>0x3c47</run_address>
         <size>0x130</size>
         <input_file_ref idref="fl-52"/>
      </object_component>
      <object_component id="oc-579">
         <name>.debug_info</name>
         <load_address>0x3d77</load_address>
         <run_address>0x3d77</run_address>
         <size>0x11b</size>
         <input_file_ref idref="fl-53"/>
      </object_component>
      <object_component id="oc-41b">
         <name>.debug_info</name>
         <load_address>0x3e92</load_address>
         <run_address>0x3e92</run_address>
         <size>0x117</size>
         <input_file_ref idref="fl-54"/>
      </object_component>
      <object_component id="oc-48b">
         <name>.debug_info</name>
         <load_address>0x3fa9</load_address>
         <run_address>0x3fa9</run_address>
         <size>0x171</size>
         <input_file_ref idref="fl-56"/>
      </object_component>
      <object_component id="oc-51b">
         <name>.debug_info</name>
         <load_address>0x411a</load_address>
         <run_address>0x411a</run_address>
         <size>0x1a5</size>
         <input_file_ref idref="fl-57"/>
      </object_component>
      <object_component id="oc-536">
         <name>.debug_info</name>
         <load_address>0x42bf</load_address>
         <run_address>0x42bf</run_address>
         <size>0x94</size>
         <input_file_ref idref="fl-57"/>
      </object_component>
      <object_component id="oc-492">
         <name>.debug_info</name>
         <load_address>0x4353</load_address>
         <run_address>0x4353</run_address>
         <size>0x15b</size>
         <input_file_ref idref="fl-58"/>
      </object_component>
      <object_component id="oc-59a">
         <name>.debug_info</name>
         <load_address>0x44ae</load_address>
         <run_address>0x44ae</run_address>
         <size>0x1d4</size>
         <input_file_ref idref="fl-59"/>
      </object_component>
      <object_component id="oc-522">
         <name>.debug_info</name>
         <load_address>0x4682</load_address>
         <run_address>0x4682</run_address>
         <size>0x1e8</size>
         <input_file_ref idref="fl-59"/>
      </object_component>
      <object_component id="oc-3dc">
         <name>.debug_info</name>
         <load_address>0x486a</load_address>
         <run_address>0x486a</run_address>
         <size>0x107</size>
         <input_file_ref idref="fl-6e"/>
      </object_component>
      <object_component id="oc-5b4">
         <name>.debug_info</name>
         <load_address>0x4971</load_address>
         <run_address>0x4971</run_address>
         <size>0x118</size>
         <input_file_ref idref="fl-6f"/>
      </object_component>
      <object_component id="oc-5d9">
         <name>.debug_info</name>
         <load_address>0x4a89</load_address>
         <run_address>0x4a89</run_address>
         <size>0x118</size>
         <input_file_ref idref="fl-70"/>
      </object_component>
      <object_component id="oc-590">
         <name>.debug_info</name>
         <load_address>0x4ba1</load_address>
         <run_address>0x4ba1</run_address>
         <size>0x11e</size>
         <input_file_ref idref="fl-70"/>
      </object_component>
      <object_component id="oc-558">
         <name>.debug_info</name>
         <load_address>0x4cbf</load_address>
         <run_address>0x4cbf</run_address>
         <size>0x118</size>
         <input_file_ref idref="fl-71"/>
      </object_component>
      <object_component id="oc-594">
         <name>.debug_info</name>
         <load_address>0x4dd7</load_address>
         <run_address>0x4dd7</run_address>
         <size>0x118</size>
         <input_file_ref idref="fl-72"/>
      </object_component>
      <object_component id="oc-554">
         <name>.debug_info</name>
         <load_address>0x4eef</load_address>
         <run_address>0x4eef</run_address>
         <size>0x11e</size>
         <input_file_ref idref="fl-72"/>
      </object_component>
      <object_component id="oc-42e">
         <name>.debug_info</name>
         <load_address>0x500d</load_address>
         <run_address>0x500d</run_address>
         <size>0x17c</size>
         <input_file_ref idref="fl-74"/>
      </object_component>
      <object_component id="oc-3ce">
         <name>.debug_info</name>
         <load_address>0x5189</load_address>
         <run_address>0x5189</run_address>
         <size>0x191</size>
         <input_file_ref idref="fl-74"/>
      </object_component>
      <object_component id="oc-42f">
         <name>.debug_info</name>
         <load_address>0x531a</load_address>
         <run_address>0x531a</run_address>
         <size>0x2c</size>
         <input_file_ref idref="fl-74"/>
      </object_component>
      <object_component id="oc-53b">
         <name>.debug_info</name>
         <load_address>0x5346</load_address>
         <run_address>0x5346</run_address>
         <size>0x206</size>
         <input_file_ref idref="fl-76"/>
      </object_component>
      <object_component id="oc-49d">
         <name>.debug_info</name>
         <load_address>0x554c</load_address>
         <run_address>0x554c</run_address>
         <size>0x258</size>
         <input_file_ref idref="fl-76"/>
      </object_component>
      <object_component id="oc-4ce">
         <name>.debug_info</name>
         <load_address>0x57a4</load_address>
         <run_address>0x57a4</run_address>
         <size>0x128</size>
         <input_file_ref idref="fl-78"/>
      </object_component>
      <object_component id="oc-5a4">
         <name>.debug_info</name>
         <load_address>0x58cc</load_address>
         <run_address>0x58cc</run_address>
         <size>0x128</size>
         <input_file_ref idref="fl-7b"/>
      </object_component>
      <object_component id="oc-3f2">
         <name>.debug_info</name>
         <load_address>0x59f4</load_address>
         <run_address>0x59f4</run_address>
         <size>0x148</size>
         <input_file_ref idref="fl-7d"/>
      </object_component>
      <object_component id="oc-54f">
         <name>.debug_info</name>
         <load_address>0x5b3c</load_address>
         <run_address>0x5b3c</run_address>
         <size>0x1ad</size>
         <input_file_ref idref="fl-7e"/>
      </object_component>
      <object_component id="oc-4a3">
         <name>.debug_info</name>
         <load_address>0x5ce9</load_address>
         <run_address>0x5ce9</run_address>
         <size>0x26b</size>
         <input_file_ref idref="fl-7e"/>
      </object_component>
      <object_component id="oc-499">
         <name>.debug_info</name>
         <load_address>0x5f54</load_address>
         <run_address>0x5f54</run_address>
         <size>0x198</size>
         <input_file_ref idref="fl-7f"/>
      </object_component>
      <object_component id="oc-5a2">
         <name>.debug_info</name>
         <load_address>0x60ec</load_address>
         <run_address>0x60ec</run_address>
         <size>0x20b</size>
         <input_file_ref idref="fl-81"/>
      </object_component>
      <object_component id="oc-52a">
         <name>.debug_info</name>
         <load_address>0x62f7</load_address>
         <run_address>0x62f7</run_address>
         <size>0x227</size>
         <input_file_ref idref="fl-81"/>
      </object_component>
      <object_component id="oc-459">
         <name>.debug_info</name>
         <load_address>0x651e</load_address>
         <run_address>0x651e</run_address>
         <size>0x3f5</size>
         <input_file_ref idref="fl-83"/>
      </object_component>
      <object_component id="oc-3f8">
         <name>.debug_info</name>
         <load_address>0x6913</load_address>
         <run_address>0x6913</run_address>
         <size>0x21e</size>
         <input_file_ref idref="fl-83"/>
      </object_component>
      <object_component id="oc-4d6">
         <name>.debug_info</name>
         <load_address>0x6b31</load_address>
         <run_address>0x6b31</run_address>
         <size>0x39</size>
         <input_file_ref idref="fl-83"/>
      </object_component>
      <object_component id="oc-454">
         <name>.debug_info</name>
         <load_address>0x6b6a</load_address>
         <run_address>0x6b6a</run_address>
         <size>0x2c</size>
         <input_file_ref idref="fl-83"/>
      </object_component>
      <object_component id="oc-4db">
         <name>.debug_info</name>
         <load_address>0x6b96</load_address>
         <run_address>0x6b96</run_address>
         <size>0xcd</size>
         <input_file_ref idref="fl-83"/>
      </object_component>
      <object_component id="oc-53e">
         <name>.debug_info</name>
         <load_address>0x6c63</load_address>
         <run_address>0x6c63</run_address>
         <size>0x1c4</size>
         <input_file_ref idref="fl-84"/>
      </object_component>
      <object_component id="oc-4d2">
         <name>.debug_info</name>
         <load_address>0x6e27</load_address>
         <run_address>0x6e27</run_address>
         <size>0x266</size>
         <input_file_ref idref="fl-85"/>
      </object_component>
      <object_component id="oc-449">
         <name>.debug_info</name>
         <load_address>0x708d</load_address>
         <run_address>0x708d</run_address>
         <size>0x1b0</size>
         <input_file_ref idref="fl-85"/>
      </object_component>
      <object_component id="oc-566">
         <name>.debug_info</name>
         <load_address>0x723d</load_address>
         <run_address>0x723d</run_address>
         <size>0x2c</size>
         <input_file_ref idref="fl-85"/>
      </object_component>
      <object_component id="oc-5e4">
         <name>.debug_info</name>
         <load_address>0x7269</load_address>
         <run_address>0x7269</run_address>
         <size>0x209</size>
         <input_file_ref idref="fl-86"/>
      </object_component>
      <object_component id="oc-59d">
         <name>.debug_info</name>
         <load_address>0x7472</load_address>
         <run_address>0x7472</run_address>
         <size>0x2b1</size>
         <input_file_ref idref="fl-86"/>
      </object_component>
      <object_component id="oc-5ae">
         <name>.debug_info</name>
         <load_address>0x7723</load_address>
         <run_address>0x7723</run_address>
         <size>0x1db</size>
         <input_file_ref idref="fl-87"/>
      </object_component>
      <object_component id="oc-530">
         <name>.debug_info</name>
         <load_address>0x78fe</load_address>
         <run_address>0x78fe</run_address>
         <size>0x363</size>
         <input_file_ref idref="fl-87"/>
      </object_component>
      <object_component id="oc-545">
         <name>.debug_info</name>
         <load_address>0x7c61</load_address>
         <run_address>0x7c61</run_address>
         <size>0x158</size>
         <input_file_ref idref="fl-89"/>
      </object_component>
      <object_component id="oc-5f2">
         <name>.debug_info</name>
         <load_address>0x7db9</load_address>
         <run_address>0x7db9</run_address>
         <size>0x1db</size>
         <input_file_ref idref="fl-8a"/>
      </object_component>
      <object_component id="oc-5df">
         <name>.debug_info</name>
         <load_address>0x7f94</load_address>
         <run_address>0x7f94</run_address>
         <size>0x1d2</size>
         <input_file_ref idref="fl-8a"/>
      </object_component>
      <object_component id="oc-5c3">
         <name>.debug_info</name>
         <load_address>0x8166</load_address>
         <run_address>0x8166</run_address>
         <size>0x1c1</size>
         <input_file_ref idref="fl-8b"/>
      </object_component>
      <object_component id="oc-549">
         <name>.debug_info</name>
         <load_address>0x8327</load_address>
         <run_address>0x8327</run_address>
         <size>0x259</size>
         <input_file_ref idref="fl-8b"/>
      </object_component>
      <object_component id="oc-5be">
         <name>.debug_info</name>
         <load_address>0x8580</load_address>
         <run_address>0x8580</run_address>
         <size>0x39</size>
         <input_file_ref idref="fl-8b"/>
      </object_component>
      <object_component id="oc-44e">
         <name>.debug_info</name>
         <load_address>0x85b9</load_address>
         <run_address>0x85b9</run_address>
         <size>0x145</size>
         <input_file_ref idref="fl-8c"/>
      </object_component>
      <object_component id="oc-5ba">
         <name>.debug_info</name>
         <load_address>0x86fe</load_address>
         <run_address>0x86fe</run_address>
         <size>0x118</size>
         <input_file_ref idref="fl-8d"/>
      </object_component>
      <object_component id="oc-5aa">
         <name>.debug_info</name>
         <load_address>0x8816</load_address>
         <run_address>0x8816</run_address>
         <size>0x11e</size>
         <input_file_ref idref="fl-8d"/>
      </object_component>
      <object_component id="oc-664">
         <name>.debug_info</name>
         <load_address>0x8934</load_address>
         <run_address>0x8934</run_address>
         <size>0xbe</size>
      </object_component>
      <object_component id="oc-4c1">
         <name>.debug_line</name>
         <load_address>0x0</load_address>
         <run_address>0x0</run_address>
         <size>0x12a</size>
         <input_file_ref idref="fl-2"/>
      </object_component>
      <object_component id="oc-519">
         <name>.debug_line</name>
         <load_address>0x12a</load_address>
         <run_address>0x12a</run_address>
         <size>0x2d</size>
         <input_file_ref idref="fl-2"/>
      </object_component>
      <object_component id="oc-415">
         <name>.debug_line</name>
         <load_address>0x157</load_address>
         <run_address>0x157</run_address>
         <size>0x80</size>
         <input_file_ref idref="fl-2"/>
      </object_component>
      <object_component id="oc-3e2">
         <name>.debug_line</name>
         <load_address>0x1d7</load_address>
         <run_address>0x1d7</run_address>
         <size>0x4f</size>
         <input_file_ref idref="fl-2"/>
      </object_component>
      <object_component id="oc-3e8">
         <name>.debug_line</name>
         <load_address>0x226</load_address>
         <run_address>0x226</run_address>
         <size>0x46</size>
         <input_file_ref idref="fl-2"/>
      </object_component>
      <object_component id="oc-4b3">
         <name>.debug_line</name>
         <load_address>0x26c</load_address>
         <run_address>0x26c</run_address>
         <size>0x75</size>
         <input_file_ref idref="fl-2"/>
      </object_component>
      <object_component id="oc-4ad">
         <name>.debug_line</name>
         <load_address>0x2e1</load_address>
         <run_address>0x2e1</run_address>
         <size>0x61</size>
         <input_file_ref idref="fl-2"/>
      </object_component>
      <object_component id="oc-560">
         <name>.debug_line</name>
         <load_address>0x342</load_address>
         <run_address>0x342</run_address>
         <size>0x50</size>
         <input_file_ref idref="fl-2"/>
      </object_component>
      <object_component id="oc-4b9">
         <name>.debug_line</name>
         <load_address>0x392</load_address>
         <run_address>0x392</run_address>
         <size>0x20</size>
         <input_file_ref idref="fl-2"/>
      </object_component>
      <object_component id="oc-4c5">
         <name>.debug_line</name>
         <load_address>0x3b2</load_address>
         <run_address>0x3b2</run_address>
         <size>0x68</size>
         <input_file_ref idref="fl-2"/>
      </object_component>
      <object_component id="oc-4ca">
         <name>.debug_line</name>
         <load_address>0x41a</load_address>
         <run_address>0x41a</run_address>
         <size>0x2d</size>
         <input_file_ref idref="fl-2"/>
      </object_component>
      <object_component id="oc-3ca">
         <name>.debug_line</name>
         <load_address>0x447</load_address>
         <run_address>0x447</run_address>
         <size>0x20</size>
         <input_file_ref idref="fl-3"/>
      </object_component>
      <object_component id="oc-500">
         <name>.debug_line</name>
         <load_address>0x467</load_address>
         <run_address>0x467</run_address>
         <size>0xb6</size>
         <input_file_ref idref="fl-17"/>
      </object_component>
      <object_component id="oc-506">
         <name>.debug_line</name>
         <load_address>0x51d</load_address>
         <run_address>0x51d</run_address>
         <size>0x6c</size>
         <input_file_ref idref="fl-17"/>
      </object_component>
      <object_component id="oc-478">
         <name>.debug_line</name>
         <load_address>0x589</load_address>
         <run_address>0x589</run_address>
         <size>0x63</size>
         <input_file_ref idref="fl-17"/>
      </object_component>
      <object_component id="oc-574">
         <name>.debug_line</name>
         <load_address>0x5ec</load_address>
         <run_address>0x5ec</run_address>
         <size>0x6c</size>
         <input_file_ref idref="fl-25"/>
      </object_component>
      <object_component id="oc-5ca">
         <name>.debug_line</name>
         <load_address>0x658</load_address>
         <run_address>0x658</run_address>
         <size>0x3b</size>
         <input_file_ref idref="fl-25"/>
      </object_component>
      <object_component id="oc-581">
         <name>.debug_line</name>
         <load_address>0x693</load_address>
         <run_address>0x693</run_address>
         <size>0xba</size>
         <input_file_ref idref="fl-25"/>
      </object_component>
      <object_component id="oc-515">
         <name>.debug_line</name>
         <load_address>0x74d</load_address>
         <run_address>0x74d</run_address>
         <size>0xa5</size>
         <input_file_ref idref="fl-25"/>
      </object_component>
      <object_component id="oc-472">
         <name>.debug_line</name>
         <load_address>0x7f2</load_address>
         <run_address>0x7f2</run_address>
         <size>0x85</size>
         <input_file_ref idref="fl-25"/>
      </object_component>
      <object_component id="oc-47f">
         <name>.debug_line</name>
         <load_address>0x877</load_address>
         <run_address>0x877</run_address>
         <size>0x5b</size>
         <input_file_ref idref="fl-25"/>
      </object_component>
      <object_component id="oc-50d">
         <name>.debug_line</name>
         <load_address>0x8d2</load_address>
         <run_address>0x8d2</run_address>
         <size>0xaf</size>
         <input_file_ref idref="fl-25"/>
      </object_component>
      <object_component id="oc-484">
         <name>.debug_line</name>
         <load_address>0x981</load_address>
         <run_address>0x981</run_address>
         <size>0x57</size>
         <input_file_ref idref="fl-25"/>
      </object_component>
      <object_component id="oc-426">
         <name>.debug_line</name>
         <load_address>0x9d8</load_address>
         <run_address>0x9d8</run_address>
         <size>0x2a</size>
         <input_file_ref idref="fl-4b"/>
      </object_component>
      <object_component id="oc-b1">
         <name>.debug_line</name>
         <load_address>0xa02</load_address>
         <run_address>0xa02</run_address>
         <size>0x4c</size>
         <input_file_ref idref="fl-4c"/>
      </object_component>
      <object_component id="oc-4bd">
         <name>.debug_line</name>
         <load_address>0xa4e</load_address>
         <run_address>0xa4e</run_address>
         <size>0x20</size>
         <input_file_ref idref="fl-4d"/>
      </object_component>
      <object_component id="oc-70">
         <name>.debug_line</name>
         <load_address>0xa6e</load_address>
         <run_address>0xa6e</run_address>
         <size>0x99</size>
         <input_file_ref idref="fl-4d"/>
      </object_component>
      <object_component id="oc-3c5">
         <name>.debug_line</name>
         <load_address>0xb07</load_address>
         <run_address>0xb07</run_address>
         <size>0x3a</size>
         <input_file_ref idref="fl-4d"/>
      </object_component>
      <object_component id="oc-42a">
         <name>.debug_line</name>
         <load_address>0xb41</load_address>
         <run_address>0xb41</run_address>
         <size>0x8a</size>
         <input_file_ref idref="fl-4d"/>
      </object_component>
      <object_component id="oc-435">
         <name>.debug_line</name>
         <load_address>0xbcb</load_address>
         <run_address>0xbcb</run_address>
         <size>0x8a</size>
         <input_file_ref idref="fl-4e"/>
      </object_component>
      <object_component id="oc-74">
         <name>.debug_line</name>
         <load_address>0xc55</load_address>
         <run_address>0xc55</run_address>
         <size>0x50</size>
         <input_file_ref idref="fl-4e"/>
      </object_component>
      <object_component id="oc-3d6">
         <name>.debug_line</name>
         <load_address>0xca5</load_address>
         <run_address>0xca5</run_address>
         <size>0x3a</size>
         <input_file_ref idref="fl-4e"/>
      </object_component>
      <object_component id="oc-439">
         <name>.debug_line</name>
         <load_address>0xcdf</load_address>
         <run_address>0xcdf</run_address>
         <size>0x8a</size>
         <input_file_ref idref="fl-4e"/>
      </object_component>
      <object_component id="oc-445">
         <name>.debug_line</name>
         <load_address>0xd69</load_address>
         <run_address>0xd69</run_address>
         <size>0x20</size>
         <input_file_ref idref="fl-4f"/>
      </object_component>
      <object_component id="oc-90">
         <name>.debug_line</name>
         <load_address>0xd89</load_address>
         <run_address>0xd89</run_address>
         <size>0x4d</size>
         <input_file_ref idref="fl-4f"/>
      </object_component>
      <object_component id="oc-3ee">
         <name>.debug_line</name>
         <load_address>0xdd6</load_address>
         <run_address>0xdd6</run_address>
         <size>0x34</size>
         <input_file_ref idref="fl-4f"/>
      </object_component>
      <object_component id="oc-58c">
         <name>.debug_line</name>
         <load_address>0xe0a</load_address>
         <run_address>0xe0a</run_address>
         <size>0x4d</size>
         <input_file_ref idref="fl-50"/>
      </object_component>
      <object_component id="oc-5d2">
         <name>.debug_line</name>
         <load_address>0xe57</load_address>
         <run_address>0xe57</run_address>
         <size>0x43</size>
         <input_file_ref idref="fl-51"/>
      </object_component>
      <object_component id="oc-584">
         <name>.debug_line</name>
         <load_address>0xe9a</load_address>
         <run_address>0xe9a</run_address>
         <size>0x5a</size>
         <input_file_ref idref="fl-52"/>
      </object_component>
[...]
         <value>0x4400</value>
         <object_component_ref idref="oc-3de"/>
      </symbol>
      <symbol id="sm-3b7">
         <name>sendPacket</name>
         <value>0x112d2</value>
         <object_component_ref idref="oc-4af"/>
      </symbol>
      <symbol id="sm-3b8">
         <name>main</name>
         <value>0x10c00</value>
         <object_component_ref idref="oc-411"/>
      </symbol>
      <symbol id="sm-3b9">
         <name>USCI_A1_INT</name>
         <value>0x2538</value>
         <object_component_ref idref="oc-487"/>
      </symbol>
      <symbol id="sm-3ba">
         <name>TIMER0_A0_ISR</name>
         <value>0x4438</value>
         <object_component_ref idref="oc-3e4"/>
      </symbol>
      <symbol id="sm-3bb">
         <name>crcInit</name>
         <value>0x119d0</value>
         <object_component_ref idref="oc-4a9"/>
      </symbol>
      <symbol id="sm-3fa">
         <name>PMM_setVCore</name>
         <value>0x11860</value>
         <object_component_ref idref="oc-474"/>
      </symbol>
      <symbol id="sm-3fb">
         <name>PMM_setVCoreDown</name>
         <value>0x11502</value>
         <object_component_ref idref="oc-502"/>
      </symbol>
      <symbol id="sm-3fc">
         <name>PMM_setVCoreUp</name>
         <value>0x1103c</value>
         <object_component_ref idref="oc-4fc"/>
      </symbol>
      <symbol id="sm-46d">
         <name>UCS_initClockSignal</name>
         <value>0x1145c</value>
         <object_component_ref idref="oc-46e"/>
      </symbol>
      <symbol id="sm-46e">
         <name>UCS_initFLLSettle</name>
         <value>0x1199a</value>
         <object_component_ref idref="oc-47a"/>
      </symbol>
      <symbol id="sm-46f">
         <name>UCS_initFLL</name>
         <value>0x10f5a</value>
         <object_component_ref idref="oc-509"/>
      </symbol>
      <symbol id="sm-470">
         <name>UCS_getSMCLK</name>
         <value>0x11b28</value>
         <object_component_ref idref="oc-480"/>
      </symbol>
      <symbol id="sm-47d">
         <name>_stack</name>
         <value>0x4360</value>
         <object_component_ref idref="oc-3bd"/>
      </symbol>
      <symbol id="sm-47e">
         <name>_reset_vector</name>
         <value>0xfffe</value>
         <object_component_ref idref="oc-3c0"/>
      </symbol>
      <symbol id="sm-488">
         <name>_c_int00_noargs_noexit</name>
         <value>0x4454</value>
         <object_component_ref idref="oc-ad"/>
      </symbol>
      <symbol id="sm-4a6">
         <name>__TI_decompress_lzss</name>
         <value>0x116c4</value>
         <object_component_ref idref="oc-6d"/>
      </symbol>
      <symbol id="sm-4bc">
         <name>__TI_decompress_none</name>
         <value>0x11b84</value>
         <object_component_ref idref="oc-73"/>
      </symbol>
      <symbol id="sm-4cf">
         <name>__TI_zero_init</name>
         <value>0x11ae0</value>
         <object_component_ref idref="oc-8f"/>
      </symbol>
      <symbol id="sm-4db">
         <name>__mspabi_remi</name>
         <value>0x11a64</value>
         <object_component_ref idref="oc-588"/>
      </symbol>
      <symbol id="sm-4dc">
         <name>__mspabi_divi</name>
         <value>0x11a64</value>
         <object_component_ref idref="oc-588"/>
      </symbol>
      <symbol id="sm-4e6">
         <name>__mspabi_remu</name>
         <value>0x11b5a</value>
         <object_component_ref idref="oc-5ce"/>
      </symbol>
      <symbol id="sm-4e7">
         <name>__mspabi_divu</name>
         <value>0x11b5a</value>
         <object_component_ref idref="oc-5ce"/>
      </symbol>
      <symbol id="sm-4f3">
         <name>__mspabi_remli</name>
         <value>0x118a0</value>
         <object_component_ref idref="oc-583"/>
      </symbol>
      <symbol id="sm-4f4">
         <name>__mspabi_divli</name>
         <value>0x118a0</value>
         <object_component_ref idref="oc-583"/>
      </symbol>
      <symbol id="sm-502">
         <name>__mspabi_remul</name>
         <value>0x11808</value>
         <object_component_ref idref="oc-578"/>
      </symbol>
      <symbol id="sm-503">
         <name>__mspabi_divul</name>
         <value>0x11808</value>
         <object_component_ref idref="oc-578"/>
      </symbol>
      <symbol id="sm-50d">
         <name>C$$EXIT</name>
         <value>0x11be6</value>
         <object_component_ref idref="oc-419"/>
      </symbol>
      <symbol id="sm-50e">
         <name>abort</name>
         <value>0x11be6</value>
         <object_component_ref idref="oc-419"/>
      </symbol>
      <symbol id="sm-51c">
         <name>__mspabi_fixdi</name>
         <value>0x11a90</value>
         <object_component_ref idref="oc-48a"/>
      </symbol>
      <symbol id="sm-530">
         <name>__mspabi_fixdli</name>
         <value>0x1173c</value>
         <object_component_ref idref="oc-51a"/>
      </symbol>
      <symbol id="sm-539">
         <name>__mspabi_fltid</name>
         <value>0x11bc6</value>
         <object_component_ref idref="oc-490"/>
      </symbol>
      <symbol id="sm-551">
         <name>__mspabi_fltlid</name>
         <value>0x115a4</value>
         <object_component_ref idref="oc-521"/>
      </symbol>
      <symbol id="sm-554">
         <name>__TI_int41</name>
         <value>0xffd2</value>
         <object_component_ref idref="oc-79"/>
      </symbol>
      <symbol id="sm-557">
         <name>__TI_int42</name>
         <value>0xffd4</value>
         <object_component_ref idref="oc-7a"/>
      </symbol>
      <symbol id="sm-55a">
         <name>__TI_int43</name>
         <value>0xffd6</value>
         <object_component_ref idref="oc-7b"/>
      </symbol>
      <symbol id="sm-55d">
         <name>__TI_int44</name>
         <value>0xffd8</value>
         <object_component_ref idref="oc-7c"/>
      </symbol>
      <symbol id="sm-560">
         <name>__TI_int45</name>
         <value>0xffda</value>
         <object_component_ref idref="oc-7d"/>
      </symbol>
      <symbol id="sm-563">
         <name>__TI_int47</name>
         <value>0xffde</value>
         <object_component_ref idref="oc-7f"/>
      </symbol>
      <symbol id="sm-566">
         <name>__TI_int48</name>
         <value>0xffe0</value>
         <object_component_ref idref="oc-80"/>
      </symbol>
      <symbol id="sm-569">
         <name>__TI_int49</name>
         <value>0xffe2</value>
         <object_component_ref idref="oc-81"/>
      </symbol>
      <symbol id="sm-56c">
         <name>__TI_int50</name>
         <value>0xffe4</value>
         <object_component_ref idref="oc-82"/>
      </symbol>
      <symbol id="sm-56f">
         <name>__TI_int51</name>
         <value>0xffe6</value>
         <object_component_ref idref="oc-83"/>
      </symbol>
      <symbol id="sm-572">
         <name>__TI_int52</name>
         <value>0xffe8</value>
         <object_component_ref idref="oc-84"/>
      </symbol>
      <symbol id="sm-575">
         <name>__TI_int54</name>
         <value>0xffec</value>
         <object_component_ref idref="oc-86"/>
      </symbol>
      <symbol id="sm-578">
         <name>__TI_int55</name>
         <value>0xffee</value>
         <object_component_ref idref="oc-87"/>
      </symbol>
      <symbol id="sm-57b">
         <name>__TI_int56</name>
         <value>0xfff0</value>
         <object_component_ref idref="oc-88"/>
      </symbol>
      <symbol id="sm-57e">
         <name>__TI_int57</name>
         <value>0xfff2</value>
         <object_component_ref idref="oc-89"/>
      </symbol>
      <symbol id="sm-581">
         <name>__TI_int58</name>
         <value>0xfff4</value>
         <object_component_ref idref="oc-8a"/>
      </symbol>
      <symbol id="sm-584">
         <name>__TI_int59</name>
         <value>0xfff6</value>
         <object_component_ref idref="oc-8b"/>
      </symbol>
      <symbol id="sm-587">
         <name>__TI_int60</name>
         <value>0xfff8</value>
         <object_component_ref idref="oc-8c"/>
      </symbol>
      <symbol id="sm-58a">
         <name>__TI_int61</name>
         <value>0xfffa</value>
         <object_component_ref idref="oc-8d"/>
      </symbol>
      <symbol id="sm-58d">
         <name>__TI_int62</name>
         <value>0xfffc</value>
         <object_component_ref idref="oc-8e"/>
      </symbol>
      <symbol id="sm-595">
         <name>__TI_ISR_TRAP</name>
         <value>0x446e</value>
         <object_component_ref idref="oc-3d9"/>
      </symbol>
      <symbol id="sm-59e">
         <name>__mspabi_slli</name>
         <value>0x11bd2</value>
         <object_component_ref idref="oc-5b3"/>
      </symbol>
      <symbol id="sm-5ae">
         <name>__mspabi_slll_9</name>
         <value>0x11936</value>
         <object_component_ref idref="oc-58e"/>
      </symbol>
      <symbol id="sm-5af">
         <name>__mspabi_slll_8</name>
         <value>0x1193a</value>
         <object_component_ref idref="oc-58e"/>
      </symbol>
      <symbol id="sm-5b0">
         <name>__mspabi_slll_7</name>
         <value>0x1193e</value>
         <object_component_ref idref="oc-58e"/>
      </symbol>
      <symbol id="sm-5b1">
         <name>__mspabi_slll_6</name>
         <value>0x11942</value>
         <object_component_ref idref="oc-58e"/>
      </symbol>
      <symbol id="sm-5b2">
         <name>__mspabi_slll_5</name>
         <value>0x11946</value>
         <object_component_ref idref="oc-58e"/>
      </symbol>
      <symbol id="sm-5b3">
         <name>__mspabi_slll_4</name>
         <value>0x1194a</value>
         <object_component_ref idref="oc-58e"/>
      </symbol>
      <symbol id="sm-5b4">
         <name>__mspabi_slll_3</name>
         <value>0x1194e</value>
         <object_component_ref idref="oc-58e"/>
      </symbol>
      <symbol id="sm-5b5">
         <name>__mspabi_slll_2</name>
         <value>0x11952</value>
         <object_component_ref idref="oc-58e"/>
      </symbol>
      <symbol id="sm-5b6">
         <name>__mspabi_slll_1</name>
         <value>0x11956</value>
         <object_component_ref idref="oc-58e"/>
      </symbol>
      <symbol id="sm-5b7">
         <name>__mspabi_slll</name>
         <value>0x11ba6</value>
         <object_component_ref idref="oc-5d8"/>
      </symbol>
      <symbol id="sm-5b8">
         <name>__mspabi_slll_15</name>
         <value>0x1191e</value>
         <object_component_ref idref="oc-58e"/>
      </symbol>
      <symbol id="sm-5b9">
         <name>__mspabi_slll_14</name>
         <value>0x11922</value>
         <object_component_ref idref="oc-58e"/>
      </symbol>
      <symbol id="sm-5ba">
         <name>__mspabi_slll_13</name>
         <value>0x11926</value>
         <object_component_ref idref="oc-58e"/>
      </symbol>
      <symbol id="sm-5bb">
         <name>__mspabi_slll_12</name>
         <value>0x1192a</value>
         <object_component_ref idref="oc-58e"/>
      </symbol>
      <symbol id="sm-5bc">
         <name>__mspabi_slll_11</name>
         <value>0x1192e</value>
         <object_component_ref idref="oc-58e"/>
      </symbol>
      <symbol id="sm-5bd">
         <name>__mspabi_slll_10</name>
         <value>0x11932</value>
         <object_component_ref idref="oc-58e"/>
      </symbol>
      <symbol id="sm-5c6">
         <name>__mspabi_srli</name>
         <value>0x11bdc</value>
         <object_component_ref idref="oc-557"/>
      </symbol>
      <symbol id="sm-5d6">
         <name>__mspabi_srll_8</name>
         <value>0x11978</value>
         <object_component_ref idref="oc-552"/>
      </symbol>
      <symbol id="sm-5d7">
         <name>__mspabi_srll_9</name>
         <value>0x11974</value>
         <object_component_ref idref="oc-552"/>
      </symbol>
      <symbol id="sm-5d8">
         <name>__mspabi_srll_6</name>
         <value>0x11980</value>
         <object_component_ref idref="oc-552"/>
      </symbol>
      <symbol id="sm-5d9">
         <name>__mspabi_srll_7</name>
         <value>0x1197c</value>
         <object_component_ref idref="oc-552"/>
      </symbol>
      <symbol id="sm-5da">
         <name>__mspabi_srll_4</name>
         <value>0x11988</value>
         <object_component_ref idref="oc-552"/>
      </symbol>
      <symbol id="sm-5db">
         <name>__mspabi_srll_5</name>
         <value>0x11984</value>
         <object_component_ref idref="oc-552"/>
      </symbol>
      <symbol id="sm-5dc">
         <name>__mspabi_srll_2</name>
         <value>0x11990</value>
         <object_component_ref idref="oc-552"/>
      </symbol>
      <symbol id="sm-5dd">
         <name>__mspabi_srll_3</name>
         <value>0x1198c</value>
         <object_component_ref idref="oc-552"/>
      </symbol>
      <symbol id="sm-5de">
         <name>__mspabi_srll_1</name>
         <value>0x11994</value>
         <object_component_ref idref="oc-552"/>
      </symbol>
      <symbol id="sm-5df">
         <name>__mspabi_srll_15</name>
         <value>0x1195c</value>
         <object_component_ref idref="oc-552"/>
      </symbol>
      <symbol id="sm-5e0">
         <name>__mspabi_srll_14</name>
         <value>0x11960</value>
         <object_component_ref idref="oc-552"/>
      </symbol>
      <symbol id="sm-5e1">
         <name>__mspabi_srll_13</name>
         <value>0x11964</value>
         <object_component_ref idref="oc-552"/>
      </symbol>
      <symbol id="sm-5e2">
         <name>__mspabi_srll_12</name>
         <value>0x11968</value>
         <object_component_ref idref="oc-552"/>
      </symbol>
      <symbol id="sm-5e3">
         <name>__mspabi_srll_11</name>
         <value>0x1196c</value>
         <object_component_ref idref="oc-552"/>
      </symbol>
      <symbol id="sm-5e4">
         <name>__mspabi_srll_10</name>
         <value>0x11970</value>
         <object_component_ref idref="oc-552"/>
      </symbol>
      <symbol id="sm-5e5">
         <name>__mspabi_srll</name>
         <value>0x11bb6</value>
         <object_component_ref idref="oc-593"/>
      </symbol>
      <symbol id="sm-5f9">
         <name>memcpy</name>
         <value>0x11b70</value>
         <object_component_ref idref="oc-3cc"/>
      </symbol>
      <symbol id="sm-61a">
         <name>__mspabi_mpyd</name>
         <value>0x1055e</value>
         <object_component_ref idref="oc-49c"/>
      </symbol>
      <symbol id="sm-623">
         <name>__mspabi_mpyi_f5hw</name>
         <value>0x11b42</value>
         <object_component_ref idref="oc-4cc"/>
      </symbol>
      <symbol id="sm-62d">
         <name>__mspabi_mpyl_f5hw</name>
         <value>0x11b04</value>
         <object_component_ref idref="oc-5a3"/>
      </symbol>
      <symbol id="sm-637">
         <name>_system_pre_init</name>
         <value>0x11bec</value>
         <object_component_ref idref="oc-3f1"/>
      </symbol>
      <symbol id="sm-64a">
         <name>roundl</name>
         <value>0x10e54</value>
         <object_component_ref idref="oc-4a2"/>
      </symbol>
      <symbol id="sm-64b">
         <name>round</name>
         <value>0x10e54</value>
         <object_component_ref idref="oc-4a2"/>
      </symbol>
      <symbol id="sm-654">
         <name>__mspabi_subd</name>
         <value>0x11a04</value>
         <object_component_ref idref="oc-496"/>
      </symbol>
      <symbol id="sm-677">
         <name>__mspabi_addd</name>
         <value>0x10000</value>
         <object_component_ref idref="oc-528"/>
      </symbol>
      <symbol id="sm-69a">
         <name>_auto_init_hold_wdt</name>
         <value>0x11642</value>
         <object_component_ref idref="oc-3f7"/>
      </symbol>
      <symbol id="sm-6b4">
         <name>__mspabi_cmpd</name>
         <value>0x111fa</value>
         <object_component_ref idref="oc-53c"/>
      </symbol>
      <symbol id="sm-6ca">
         <name>copy_in</name>
         <value>0x117a2</value>
         <object_component_ref idref="oc-447"/>
      </symbol>
      <symbol id="sm-6eb">
         <name>__TI_frcaddd</name>
         <value>0x107e0</value>
         <object_component_ref idref="oc-59b"/>
      </symbol>
      <symbol id="sm-6fc">
         <name>__TI_frcmpyd</name>
         <value>0x102d8</value>
         <object_component_ref idref="oc-52f"/>
      </symbol>
      <symbol id="sm-706">
         <name>__mspabi_negd</name>
         <value>0x11a36</value>
         <object_component_ref idref="oc-542"/>
      </symbol>
      <symbol id="sm-71a">
         <name>__TI_renormd</name>
         <value>0x113aa</value>
         <object_component_ref idref="oc-5dd"/>
      </symbol>
      <symbol id="sm-73f">
         <name>floorl</name>
         <value>0x10a32</value>
         <object_component_ref idref="oc-548"/>
      </symbol>
      <symbol id="sm-740">
         <name>floor</name>
         <value>0x10a32</value>
         <object_component_ref idref="oc-548"/>
      </symbol>
      <symbol id="sm-749">
         <name>_system_post_cinit</name>
         <value>0x11bf0</value>
         <object_component_ref idref="oc-44d"/>
      </symbol>
      <symbol id="sm-759">
         <name>__mspabi_sral</name>
         <value>0x11b96</value>
         <object_component_ref idref="oc-5b8"/>
      </symbol>
      <symbol id="sm-75a">
         <name>__mspabi_sral_15</name>
         <value>0x118e0</value>
         <object_component_ref idref="oc-5a8"/>
      </symbol>
      <symbol id="sm-75b">
         <name>__mspabi_sral_14</name>
         <value>0x118e4</value>
         <object_component_ref idref="oc-5a8"/>
      </symbol>
      <symbol id="sm-75c">
         <name>__mspabi_sral_13</name>
         <value>0x118e8</value>
         <object_component_ref idref="oc-5a8"/>
      </symbol>
      <symbol id="sm-75d">
         <name>__mspabi_sral_12</name>
         <value>0x118ec</value>
         <object_component_ref idref="oc-5a8"/>
      </symbol>
      <symbol id="sm-75e">
         <name>__mspabi_sral_11</name>
         <value>0x118f0</value>
         <object_component_ref idref="oc-5a8"/>
      </symbol>
      <symbol id="sm-75f">
         <name>__mspabi_sral_10</name>
         <value>0x118f4</value>
         <object_component_ref idref="oc-5a8"/>
      </symbol>
      <symbol id="sm-760">
         <name>__mspabi_sral_8</name>
         <value>0x118fc</value>
         <object_component_ref idref="oc-5a8"/>
      </symbol>
      <symbol id="sm-761">
         <name>__mspabi_sral_9</name>
         <value>0x118f8</value>
         <object_component_ref idref="oc-5a8"/>
      </symbol>
      <symbol id="sm-762">
         <name>__mspabi_sral_6</name>
         <value>0x11904</value>
         <object_component_ref idref="oc-5a8"/>
      </symbol>
      <symbol id="sm-763">
         <name>__mspabi_sral_7</name>
         <value>0x11900</value>
         <object_component_ref idref="oc-5a8"/>
      </symbol>
      <symbol id="sm-764">
         <name>__mspabi_sral_4</name>
         <value>0x1190c</value>
         <object_component_ref idref="oc-5a8"/>
      </symbol>
      <symbol id="sm-765">
         <name>__mspabi_sral_5</name>
         <value>0x11908</value>
         <object_component_ref idref="oc-5a8"/>
      </symbol>
      <symbol id="sm-766">
         <name>__mspabi_sral_2</name>
         <value>0x11914</value>
         <object_component_ref idref="oc-5a8"/>
      </symbol>
      <symbol id="sm-767">
         <name>__mspabi_sral_3</name>
         <value>0x11910</value>
         <object_component_ref idref="oc-5a8"/>
      </symbol>
      <symbol id="sm-768">
         <name>__mspabi_sral_1</name>
         <value>0x11918</value>
         <object_component_ref idref="oc-5a8"/>
      </symbol>
      <symbol id="sm-76a">
         <name>__TI_BINIT_Base</name>
         <value>0x0</value>
      </symbol>
      <symbol id="sm-76b">
         <name>__TI_BINIT_Limit</name>
         <value>0x0</value>
      </symbol>
      <symbol id="sm-76c">
         <name>__TI_INITARRAY_Base</name>
         <value>0x0</value>
      </symbol>
      <symbol id="sm-76d">
         <name>__TI_INITARRAY_Limit</name>
         <value>0x0</value>
      </symbol>
   </symbol_table>
   <title>Link successful</title>
</link_info>
